AMQP	160	23514	3

	1	TCP 127.0.0.1:44205 <-> 127.0.1.1:5672 [proto: 192/AMQP][cat: RPC/16][54 pkts/10859 bytes <-> 54 pkts/3564 bytes][bytes ratio: 0.506 (Upload)][IAT c2s/s2c min/avg/max/stddev: 0/0 85.3/85.3 2001/2001 341.2/341.2][Pkt Len c2s/s2c min/avg/max/stddev: 103/66 201.1/66.0 395/66 102.7/0.0][PLAIN TEXT (celeryev)]
	2	TCP 127.0.1.1:5672 <-> 127.0.0.1:44204 [proto: 192/AMQP][cat: RPC/16][13 pkts/4327 bytes <-> 9 pkts/699 bytes][bytes ratio: 0.722 (Upload)][IAT c2s/s2c min/avg/max/stddev: 3/3 406.8/588.2 2001/2001 623.0/728.8][Pkt Len c2s/s2c min/avg/max/stddev: 66/66 332.8/77.7 514/87 211.1/10.4][PLAIN TEXT (celeryev)]
	3	TCP 127.0.0.1:44206 <-> 127.0.1.1:5672 [proto: 192/AMQP][cat: RPC/16][15 pkts/3075 bytes <-> 15 pkts/990 bytes][bytes ratio: 0.513 (Upload)][IAT c2s/s2c min/avg/max/stddev: 0/0 86.7/86.7 540/540 182.1/182.1][Pkt Len c2s/s2c min/avg/max/stddev: 97/66 205.0/66.0 312/66 87.8/0.0][PLAIN TEXT (default)]
