Mining	637	581074	6

	1	TCP 192.168.1.142:55328 <-> 69.118.54.122:8333 [proto: 42/Mining][cat: Mining/99][2 pkts/281 bytes <-> 137 pkts/191029 bytes][bytes ratio: -0.997 (Download)][IAT c2s/s2c min/avg/max/stddev: 141657/0 141657.0/2643.5 141657/76010 0.0/11325.4][Pkt Len c2s/s2c min/avg/max/stddev: 110/86 140.5/1394.4 171/1514 30.5/378.4][PLAIN TEXT (version)]
	2	TCP 192.168.1.142:55348 <-> 74.89.181.229:8333 [proto: 42/Mining][cat: Mining/99][55 pkts/28663 bytes <-> 117 pkts/134830 bytes][bytes ratio: -0.649 (Download)][IAT c2s/s2c min/avg/max/stddev: 0/0 21788.9/4882.0 100110/64236 26995.1/11546.1][Pkt Len c2s/s2c min/avg/max/stddev: 110/86 521.1/1152.4 1514/1514 577.7/588.7][PLAIN TEXT (version)]
	3	TCP 192.168.1.142:55383 <-> 66.68.83.22:8333 [proto: 42/Mining][cat: Mining/99][65 pkts/45271 bytes <-> 96 pkts/70339 bytes][bytes ratio: -0.217 (Download)][IAT c2s/s2c min/avg/max/stddev: 0/0 18993.2/12001.0 134322/105866 27574.8/21527.1][Pkt Len c2s/s2c min/avg/max/stddev: 110/86 696.5/732.7 1514/1514 636.6/652.9][PLAIN TEXT (version)]
	4	TCP 192.168.1.142:55400 <-> 195.218.16.178:8333 [proto: 42/Mining][cat: Mining/99][47 pkts/26824 bytes <-> 72 pkts/55927 bytes][bytes ratio: -0.352 (Download)][IAT c2s/s2c min/avg/max/stddev: 0/0 22660.7/13161.5 91604/95856 25519.8/24264.1][Pkt Len c2s/s2c min/avg/max/stddev: 110/86 570.7/776.8 1514/1514 606.4/673.2][PLAIN TEXT (version)]
	5	TCP 192.168.1.142:55317 <-> 188.165.213.169:8333 [proto: 42/Mining][cat: Mining/99][16 pkts/21673 bytes <-> 3 pkts/1771 bytes][bytes ratio: 0.849 (Upload)][IAT c2s/s2c min/avg/max/stddev: 0/136 90.5/212.5 655/289 168.7/76.5][Pkt Len c2s/s2c min/avg/max/stddev: 171/86 1354.6/590.3 1514/1514 368.8/654.1][PLAIN TEXT (version)]
	6	TCP 192.168.1.142:55487 <-> 184.58.165.119:8333 [proto: 42/Mining][cat: Mining/99][24 pkts/3082 bytes <-> 3 pkts/1384 bytes][bytes ratio: 0.380 (Upload)][IAT c2s/s2c min/avg/max/stddev: 238/256 21943.9/256.0 75340/256 19965.0/0.0][Pkt Len c2s/s2c min/avg/max/stddev: 121/86 128.4/461.3 171/1127 12.3/472.0][PLAIN TEXT (version)]
