BitTorrent	86	41489	1

	1	UDP 82.243.113.43:64969 <-> 192.168.1.5:40959 [proto: 37/BitTorrent][cat: Download-FileTransfer-FileSharing/7][47 pkts/36653 bytes <-> 39 pkts/4836 bytes][bytes ratio: 0.767 (Upload)][IAT c2s/s2c min/avg/max/stddev: 0/11 222.5/425.0 4392/4641 700.8/934.4][Pkt Len c2s/s2c min/avg/max/stddev: 62/62 779.9/124.0 1514/519 608.8/123.2][PLAIN TEXT (hash20)]
