BitTorrent	299	305728	24

	1	TCP 192.168.1.3:52915 <-> 198.100.146.9:60163 [proto: 37/BitTorrent][cat: Download-FileTransfer-FileSharing/7][17 pkts/2745 bytes <-> 193 pkts/282394 bytes][bytes ratio: -0.981 (Download)][IAT c2s/s2c min/avg/max/stddev: 12/0 319.4/29.6 779/919 241.2/94.6][Pkt Len c2s/s2c min/avg/max/stddev: 83/80 161.5/1463.2 242/1506 58.0/217.8][BT Hash: dcfcdccfb9e670ccc3dd40c78c161f2bea243126][PLAIN TEXT (BitTorrent protocol)]
	2	TCP 192.168.1.3:52895 <-> 83.216.184.241:51413 [proto: 37/BitTorrent][cat: Download-FileTransfer-FileSharing/7][4 pkts/583 bytes <-> 4 pkts/975 bytes][bytes ratio: -0.252 (Download)][IAT c2s/s2c min/avg/max/stddev: 132/72 958.7/2027.0 1966/3982 759.5/1955.0][Pkt Len c2s/s2c min/avg/max/stddev: 80/73 145.8/243.8 198/648 44.2/234.9][BT Hash: dcfcdccfb9e670ccc3dd40c78c161f2bea243126][PLAIN TEXT (BitTorrent protocol)]
	3	TCP 192.168.1.3:52914 <-> 190.103.195.56:46633 [proto: 37/BitTorrent][cat: Download-FileTransfer-FileSharing/7][4 pkts/640 bytes <-> 3 pkts/910 bytes][bytes ratio: -0.174 (Mixed)][IAT c2s/s2c min/avg/max/stddev: 489/661 1178.3/883.0 1943/1105 596.0/222.0][Pkt Len c2s/s2c min/avg/max/stddev: 75/113 160.0/303.3 241/650 62.0/245.5][BT Hash: dcfcdccfb9e670ccc3dd40c78c161f2bea243126][PLAIN TEXT (BitTorrent protocol)]
	4	TCP 192.168.1.3:52907 <-> 82.58.216.115:38305 [proto: 37/BitTorrent][cat: Download-FileTransfer-FileSharing/7][2 pkts/583 bytes <-> 2 pkts/818 bytes][BT Hash: dcfcdccfb9e670ccc3dd40c78c161f2bea243126][PLAIN TEXT (BitTorrent protocol)]
	5	TCP 192.168.1.3:52927 <-> 83.216.184.241:51413 [proto: 37/BitTorrent][cat: Download-FileTransfer-FileSharing/7][3 pkts/582 bytes <-> 2 pkts/796 bytes][BT Hash: dcfcdccfb9e670ccc3dd40c78c161f2bea243126][PLAIN TEXT (BitTorrent protocol)]
	6	TCP 192.168.1.3:52897 <-> 151.26.95.30:22673 [proto: 37/BitTorrent][cat: Download-FileTransfer-FileSharing/7][3 pkts/510 bytes <-> 2 pkts/771 bytes][BT Hash: dcfcdccfb9e670ccc3dd40c78c161f2bea243126][PLAIN TEXT (BitTorrent protocol)]
	7	TCP 192.168.1.3:52903 <-> 198.100.146.9:60163 [proto: 37/BitTorrent][cat: Download-FileTransfer-FileSharing/7][3 pkts/410 bytes <-> 3 pkts/851 bytes][bytes ratio: -0.350 (Download)][IAT c2s/s2c min/avg/max/stddev: 320/159 407.0/297.5 494/436 87.0/138.5][Pkt Len c2s/s2c min/avg/max/stddev: 80/80 136.7/283.7 196/601 47.4/227.4][BT Hash: dcfcdccfb9e670ccc3dd40c78c161f2bea243126][PLAIN TEXT (BitTorrent protocol)]
	8	TCP 192.168.1.3:52917 <-> 151.15.48.189:47001 [proto: 37/BitTorrent][cat: Download-FileTransfer-FileSharing/7][3 pkts/455 bytes <-> 2 pkts/771 bytes][BT Hash: dcfcdccfb9e670ccc3dd40c78c161f2bea243126][PLAIN TEXT (BitTorrent protocol)]
	9	TCP 192.168.1.3:52911 <-> 151.26.95.30:22673 [proto: 37/BitTorrent][cat: Download-FileTransfer-FileSharing/7][3 pkts/442 bytes <-> 2 pkts/771 bytes][BT Hash: dcfcdccfb9e670ccc3dd40c78c161f2bea243126][PLAIN TEXT (BitTorrent protocol)]
	10	TCP 192.168.1.3:52921 <-> 95.234.159.16:41205 [proto: 37/BitTorrent][cat: Download-FileTransfer-FileSharing/7][3 pkts/440 bytes <-> 2 pkts/772 bytes][BT Hash: dcfcdccfb9e670ccc3dd40c78c161f2bea243126][PLAIN TEXT (BitTorrent protocol)]
	11	TCP 192.168.1.3:52906 <-> 82.57.97.83:53137 [proto: 37/BitTorrent][cat: Download-FileTransfer-FileSharing/7][3 pkts/434 bytes <-> 2 pkts/771 bytes][BT Hash: dcfcdccfb9e670ccc3dd40c78c161f2bea243126][PLAIN TEXT (BitTorrent protocol)]
	12	TCP 192.168.1.3:52922 <-> 95.237.193.34:11321 [proto: 37/BitTorrent][cat: Download-FileTransfer-FileSharing/7][3 pkts/434 bytes <-> 2 pkts/771 bytes][BT Hash: dcfcdccfb9e670ccc3dd40c78c161f2bea243126][PLAIN TEXT (BitTorrent protocol)]
	13	TCP 192.168.1.3:52887 <-> 82.57.97.83:53137 [proto: 37/BitTorrent][cat: Download-FileTransfer-FileSharing/7][3 pkts/430 bytes <-> 2 pkts/771 bytes][BT Hash: dcfcdccfb9e670ccc3dd40c78c161f2bea243126][PLAIN TEXT (BitTorrent protocol)]
	14	TCP 192.168.1.3:52896 <-> 79.53.228.2:14627 [proto: 37/BitTorrent][cat: Download-FileTransfer-FileSharing/7][3 pkts/409 bytes <-> 2 pkts/771 bytes][BT Hash: dcfcdccfb9e670ccc3dd40c78c161f2bea243126][PLAIN TEXT (BitTorrent protocol)]
	15	TCP 192.168.1.3:52926 <-> 93.65.249.100:31336 [proto: 37/BitTorrent][cat: Download-FileTransfer-FileSharing/7][1 pkts/134 bytes <-> 2 pkts/796 bytes][BT Hash: dcfcdccfb9e670ccc3dd40c78c161f2bea243126][PLAIN TEXT (BitTorrent protocol)]
	16	TCP 192.168.1.3:52888 <-> 82.58.216.115:38305 [proto: 37/BitTorrent][cat: Download-FileTransfer-FileSharing/7][1 pkts/134 bytes <-> 1 pkts/624 bytes][BT Hash: dcfcdccfb9e670ccc3dd40c78c161f2bea243126][PLAIN TEXT (BitTorrent protocol)]
	17	TCP 192.168.1.3:52902 <-> 190.103.195.56:46633 [proto: 37/BitTorrent][cat: Download-FileTransfer-FileSharing/7][2 pkts/349 bytes <-> 2 pkts/265 bytes][BT Hash: dcfcdccfb9e670ccc3dd40c78c161f2bea243126][PLAIN TEXT (BitTorrent protocol)]
	18	TCP 192.168.1.3:52912 <-> 151.72.255.163:59928 [proto: 37/BitTorrent][cat: Download-FileTransfer-FileSharing/7][3 pkts/455 bytes <-> 1 pkts/157 bytes][BT Hash: dcfcdccfb9e670ccc3dd40c78c161f2bea243126][PLAIN TEXT (BitTorrent protocol)]
	19	TCP 192.168.1.3:52893 -> 79.55.129.22:12097 [proto: 37/BitTorrent][cat: Download-FileTransfer-FileSharing/7][1 pkts/134 bytes -> 0 pkts/0 bytes][BT Hash: dcfcdccfb9e670ccc3dd40c78c161f2bea243126][PLAIN TEXT (BitTorrent protocol)]
	20	TCP 192.168.1.3:52894 -> 120.62.33.241:39332 [proto: 37/BitTorrent][cat: Download-FileTransfer-FileSharing/7][1 pkts/134 bytes -> 0 pkts/0 bytes][BT Hash: dcfcdccfb9e670ccc3dd40c78c161f2bea243126][PLAIN TEXT (BitTorrent protocol)]
	21	TCP 192.168.1.3:52908 -> 79.55.129.22:12097 [proto: 37/BitTorrent][cat: Download-FileTransfer-FileSharing/7][1 pkts/134 bytes -> 0 pkts/0 bytes][BT Hash: dcfcdccfb9e670ccc3dd40c78c161f2bea243126][PLAIN TEXT (BitTorrent protocol)]
	22	TCP 192.168.1.3:52909 -> 79.53.228.2:14627 [proto: 37/BitTorrent][cat: Download-FileTransfer-FileSharing/7][1 pkts/134 bytes -> 0 pkts/0 bytes][BT Hash: dcfcdccfb9e670ccc3dd40c78c161f2bea243126][PLAIN TEXT (BitTorrent protocol)]
	23	TCP 192.168.1.3:52910 -> 120.62.33.241:39332 [proto: 37/BitTorrent][cat: Download-FileTransfer-FileSharing/7][1 pkts/134 bytes -> 0 pkts/0 bytes][BT Hash: dcfcdccfb9e670ccc3dd40c78c161f2bea243126][PLAIN TEXT (BitTorrent protocol)]
	24	TCP 192.168.1.3:52925 -> 93.65.227.100:19116 [proto: 37/BitTorrent][cat: Download-FileTransfer-FileSharing/7][1 pkts/134 bytes -> 0 pkts/0 bytes][BT Hash: dcfcdccfb9e670ccc3dd40c78c161f2bea243126][PLAIN TEXT (BitTorrent protocol)]
