Dropbox	848	90532	15

	1	UDP 192.168.56.1:50318 <-> 192.168.56.101:17500 [proto: 121/Dropbox][cat: Cloud/13][100 pkts/13960 bytes <-> 100 pkts/6260 bytes][bytes ratio: 0.381 (Upload)][IAT c2s/s2c min/avg/max/stddev: 103/103 112.6/112.5 150/151 10.9/10.6][Pkt Len c2s/s2c min/avg/max/stddev: 136/59 139.6/62.6 143/66 2.3/2.3][PLAIN TEXT (messageType)]
	2	UDP 192.168.56.1:50312 <-> 192.168.56.101:17500 [proto: 121/Dropbox][cat: Cloud/13][100 pkts/13947 bytes <-> 100 pkts/6247 bytes][bytes ratio: 0.381 (Upload)][IAT c2s/s2c min/avg/max/stddev: 103/103 111.3/111.2 154/150 9.7/9.5][Pkt Len c2s/s2c min/avg/max/stddev: 136/59 139.5/62.5 143/66 2.1/2.1][PLAIN TEXT (messageType)]
	3	UDP 192.168.56.1:50319 <-> 192.168.56.101:17500 [proto: 121/Dropbox][cat: Cloud/13][100 pkts/13921 bytes <-> 100 pkts/6221 bytes][bytes ratio: 0.382 (Upload)][IAT c2s/s2c min/avg/max/stddev: 103/103 110.2/110.1 172/164 11.3/11.1][Pkt Len c2s/s2c min/avg/max/stddev: 136/59 139.2/62.2 143/66 2.3/2.3][PLAIN TEXT (messageType)]
	4	UDP 192.168.56.1:50311 <-> 192.168.56.101:17500 [proto: 121/Dropbox][cat: Cloud/13][100 pkts/13910 bytes <-> 100 pkts/6210 bytes][bytes ratio: 0.383 (Upload)][IAT c2s/s2c min/avg/max/stddev: 103/103 112.3/112.7 151/147 9.6/9.4][Pkt Len c2s/s2c min/avg/max/stddev: 136/59 139.1/62.1 143/66 2.3/2.3][PLAIN TEXT (messageType)]
	5	UDP 192.168.1.105:17500 -> 192.168.1.255:17500 [proto: 121/Dropbox][cat: Cloud/13][6 pkts/1422 bytes -> 0 pkts/0 bytes][bytes ratio: 1.000 (Upload)][IAT c2s/s2c min/avg/max/stddev: 0/0 2621.4/0.0 13107/0 5242.8/0.0][Pkt Len c2s/s2c min/avg/max/stddev: 237/0 237.0/0.0 237/0 0.0/0.0][PLAIN TEXT ( 274363570036934823360341409051)]
	6	UDP 192.168.1.105:17500 -> 255.255.255.255:17500 [proto: 121/Dropbox][cat: Cloud/13][6 pkts/1422 bytes -> 0 pkts/0 bytes][bytes ratio: 1.000 (Upload)][IAT c2s/s2c min/avg/max/stddev: 0/0 2621.4/0.0 13107/0 5242.8/0.0][Pkt Len c2s/s2c min/avg/max/stddev: 237/0 237.0/0.0 237/0 0.0/0.0][PLAIN TEXT ( 274363570036934823360341409051)]
	7	UDP 192.168.1.105:36173 <-> 192.168.1.254:53 [proto: 5.121/DNS.Dropbox][cat: Cloud/13][4 pkts/312 bytes <-> 4 pkts/1078 bytes][Host: log.getdropbox.com][bytes ratio: -0.551 (Download)][IAT c2s/s2c min/avg/max/stddev: 0/0 0.0/0.0 0/0 0.0/0.0][Pkt Len c2s/s2c min/avg/max/stddev: 78/194 78.0/269.5 78/345 0.0/75.5][PLAIN TEXT (getdropbox)]
	8	UDP 192.168.1.105:55407 <-> 192.168.1.254:53 [proto: 5.121/DNS.Dropbox][cat: Cloud/13][2 pkts/156 bytes <-> 2 pkts/666 bytes][Host: client.dropbox.com][PLAIN TEXT (client)]
	9	UDP 192.168.1.105:50789 <-> 192.168.1.254:53 [proto: 5.121/DNS.Dropbox][cat: Cloud/13][2 pkts/146 bytes <-> 2 pkts/646 bytes][Host: d.dropbox.com][PLAIN TEXT (dropbox)]
	10	UDP 192.168.1.105:49112 <-> 192.168.1.254:53 [proto: 5.121/DNS.Dropbox][cat: Cloud/13][2 pkts/162 bytes <-> 2 pkts/612 bytes][Host: client-cf.dropbox.com][PLAIN TEXT (client)]
	11	UDP 192.168.1.105:33189 <-> 192.168.1.254:53 [proto: 5.121/DNS.Dropbox][cat: Cloud/13][2 pkts/156 bytes <-> 2 pkts/588 bytes][Host: notify.dropbox.com][PLAIN TEXT (notify)]
	12	UDP 192.168.1.6:17500 -> 192.168.1.255:17500 [proto: 121/Dropbox][cat: Cloud/13][3 pkts/630 bytes -> 0 pkts/0 bytes][PLAIN TEXT (version)]
	13	UDP 192.168.1.6:17500 -> 255.255.255.255:17500 [proto: 121/Dropbox][cat: Cloud/13][3 pkts/630 bytes -> 0 pkts/0 bytes][PLAIN TEXT (version)]
	14	UDP 192.168.1.64:17500 -> 192.168.1.255:17500 [proto: 121/Dropbox][cat: Cloud/13][3 pkts/615 bytes -> 0 pkts/0 bytes][PLAIN TEXT (namespaces)]
	15	UDP 192.168.1.64:17500 -> 255.255.255.255:17500 [proto: 121/Dropbox][cat: Cloud/13][3 pkts/615 bytes -> 0 pkts/0 bytes][PLAIN TEXT (namespaces)]
