Mining	819	134165	2

	1	TCP 192.168.2.92:57726 <-> 94.23.36.128:4444 [proto: 42/Mining][cat: Mining/99][478 pkts/52883 bytes <-> 308 pkts/76667 bytes][bytes ratio: -0.184 (Mixed)][IAT c2s/s2c min/avg/max/stddev: 0/0 2596.1/3847.5 9968/11081 3517.9/3668.9][Pkt Len c2s/s2c min/avg/max/stddev: 66/66 110.6/248.9 295/314 59.2/100.1][PLAIN TEXT (worker)]
	2	TCP 192.168.2.92:41680 <-> 91.121.222.33:4444 [proto: 42/Mining][cat: Mining/99][20 pkts/2159 bytes <-> 13 pkts/2456 bytes][bytes ratio: -0.064 (Mixed)][IAT c2s/s2c min/avg/max/stddev: 0/0 1749.4/1867.9 9914/9999 3194.4/3064.4][Pkt Len c2s/s2c min/avg/max/stddev: 66/66 107.9/188.9 271/314 57.4/116.4][PLAIN TEXT (worker)]
