Facebook	60	30511	2

JA3 Host Stats: 
		 IP Address                  	 # JA3C     
	1	 192.168.43.18            	 2      


	1	TCP 192.168.43.18:44614 <-> 31.13.86.36:443 [proto: 91.119/TLS.Facebook][cat: SocialNetwork/6][19 pkts/2664 bytes <-> 22 pkts/22102 bytes][bytes ratio: -0.785 (Download)][IAT c2s/s2c min/avg/max/stddev: 0/0 35.1/30.5 154/154 52.5/52.4][Pkt Len c2s/s2c min/avg/max/stddev: 66/66 140.2/1004.6 583/1454 137.4/604.5][TLSv1.2][Client: www.facebook.com][JA3C: 5c60e71f1b8cd40e4d40ed5b6d666e3f][JA3S: 96681175a9547081bf3d417f1a572091][Cipher: TLS_ECDHE_ECDSA_WITH_AES_128_GCM_SHA256]
	2	TCP 192.168.43.18:52066 <-> 66.220.156.68:443 [proto: 91.119/TLS.Facebook][cat: SocialNetwork/6][9 pkts/1345 bytes <-> 10 pkts/4400 bytes][bytes ratio: -0.532 (Download)][IAT c2s/s2c min/avg/max/stddev: 0/0 148.4/73.2 414/313 171.7/127.3][Pkt Len c2s/s2c min/avg/max/stddev: 66/66 149.4/440.0 449/1454 124.6/521.5][TLSv1.2][Client: facebook.com][JA3C: bfcc1a3891601edb4f137ab7ab25b840][Server: *.facebook.com][JA3S: 2d1eb5817ece335c24904f516ad5da12][Organization: Facebook, Inc.][Certificate SHA-1: A0:4E:AF:B3:48:C2:6B:15:A8:C1:AA:87:A3:33:CA:A3:CD:EE:C9:C9][Validity: 2014-08-28 00:00:00 - 2016-12-30 12:00:00][Cipher: TLS_ECDHE_ECDSA_WITH_AES_128_GCM_SHA256]
