Facebook	1	175	1

	1	TCP 10.106.97.215:44933 -> 157.240.13.14:443 [proto: 91.119/TLS.Facebook][cat: SocialNetwork/6][1 pkts/175 bytes -> 0 pkts/0 bytes][Goodput ratio: 62/0][< 1 sec][Plen Bins: 0,0,0,100,0,0,0,0,0,0,0,0,0,0,0,0,0,0,0,0,0,0,0,0,0,0,0,0,0,0,0,0,0,0,0,0,0,0,0,0,0,0,0,0,0,0,0,0]
