Git	90	74005	1

	1	TCP 192.168.0.77:47991 <-> 5.153.231.21:9418 [proto: 226/Git][cat: Collaborative/15][41 pkts/3319 bytes <-> 49 pkts/70686 bytes][bytes ratio: -0.910 (Download)][IAT c2s/s2c min/avg/max/stddev: 0/0 30.9/25.1 558/607 97.8/96.1][Pkt Len c2s/s2c min/avg/max/stddev: 66/66 81.0/1442.6 593/2946 81.7/705.8][PLAIN TEXT (0045git)]
