ntop	80	36401	4
TLS	26	3245	7
Facebook	22	10202	2
Google	62	15977	1
QUIC	3	502	1

JA3 Host Stats: 
		 IP Address                  	 # JA3C     
	1	 2a00:d40:1:3:7aac:c0ff:fea7:d4c 	 1      


	1	UDP [2a00:d40:1:3:7aac:c0ff:fea7:d4c]:45931 <-> [2a00:1450:4001:803::1017]:443 [proto: 188.126/QUIC.Google][cat: Web/5][33 pkts/7741 bytes <-> 29 pkts/8236 bytes][Host: www.google.it][bytes ratio: -0.031 (Mixed)][IAT c2s/s2c min/avg/max/stddev: 11/2 411.9/168.2 6008/1778 1177.1/366.5][Pkt Len c2s/s2c min/avg/max/stddev: 99/91 234.6/284.0 1412/1412 285.7/300.8][PLAIN TEXT (www.google.it)]
	2	TCP [2a00:d40:1:3:7aac:c0ff:fea7:d4c]:37506 <-> [2a03:b0c0:3:d0::70:1001]:443 [proto: 91.26/TLS.ntop][cat: Network/14][14 pkts/3969 bytes <-> 12 pkts/11648 bytes][bytes ratio: -0.492 (Download)][IAT c2s/s2c min/avg/max/stddev: 0/0 36.6/44.3 229/290 62.1/87.8][Pkt Len c2s/s2c min/avg/max/stddev: 86/86 283.5/970.7 919/1514 323.7/538.6][TLSv1][Client: www.ntop.org][JA3C: d3e627f423a33ea41841c19b8af79293][Certificate SHA-1: FB:A6:FF:A7:58:F3:9D:54:24:45:E5:A0:C4:04:18:D5:58:91:E0:34]
	3	TCP [2a00:d40:1:3:7aac:c0ff:fea7:d4c]:37486 <-> [2a03:b0c0:3:d0::70:1001]:443 [proto: 91.26/TLS.ntop][cat: Network/14][11 pkts/1292 bytes <-> 8 pkts/5722 bytes][bytes ratio: -0.632 (Download)][IAT c2s/s2c min/avg/max/stddev: 0/0 18.4/10.8 64/27 19.3/12.4][Pkt Len c2s/s2c min/avg/max/stddev: 86/86 117.5/715.2 298/1514 67.4/607.6][TLSv1][Client: www.ntop.org][JA3C: d3e627f423a33ea41841c19b8af79293][Certificate SHA-1: FB:A6:FF:A7:58:F3:9D:54:24:45:E5:A0:C4:04:18:D5:58:91:E0:34]
	4	TCP [2a00:d40:1:3:7aac:c0ff:fea7:d4c]:37494 <-> [2a03:b0c0:3:d0::70:1001]:443 [proto: 91.26/TLS.ntop][cat: Network/14][10 pkts/1206 bytes <-> 8 pkts/5722 bytes][bytes ratio: -0.652 (Download)][IAT c2s/s2c min/avg/max/stddev: 0/0 14.8/9.0 50/23 16.2/10.3][Pkt Len c2s/s2c min/avg/max/stddev: 86/86 120.6/715.2 298/1514 69.9/607.6][TLSv1][Client: www.ntop.org][JA3C: d3e627f423a33ea41841c19b8af79293][Certificate SHA-1: FB:A6:FF:A7:58:F3:9D:54:24:45:E5:A0:C4:04:18:D5:58:91:E0:34]
	5	TCP [2a00:d40:1:3:7aac:c0ff:fea7:d4c]:37488 <-> [2a03:b0c0:3:d0::70:1001]:443 [proto: 91.26/TLS.ntop][cat: Network/14][10 pkts/1206 bytes <-> 7 pkts/5636 bytes][bytes ratio: -0.647 (Download)][IAT c2s/s2c min/avg/max/stddev: 0/0 19.8/8.8 63/25 19.7/10.0][Pkt Len c2s/s2c min/avg/max/stddev: 86/86 120.6/805.1 298/2754 69.9/929.1][TLSv1][Client: www.ntop.org][JA3C: d3e627f423a33ea41841c19b8af79293][Certificate SHA-1: FB:A6:FF:A7:58:F3:9D:54:24:45:E5:A0:C4:04:18:D5:58:91:E0:34]
	6	TCP [2a00:d40:1:3:7aac:c0ff:fea7:d4c]:53132 <-> [2a02:26f0:ad:197::236]:443 [proto: 91.119/TLS.Facebook][cat: SocialNetwork/6][7 pkts/960 bytes <-> 5 pkts/4227 bytes][bytes ratio: -0.630 (Download)][IAT c2s/s2c min/avg/max/stddev: 0/0 3.4/2.7 8/7 3.4/3.1][Pkt Len c2s/s2c min/avg/max/stddev: 86/86 137.1/845.4 310/2942 82.6/1077.9][TLSv1.2][Client: s-static.ak.facebook.com][JA3C: d3e627f423a33ea41841c19b8af79293][Server: *.ak.fbcdn.net][JA3S: b898351eb5e266aefd3723d466935494][Organization: Facebook, Inc.][Certificate SHA-1: E7:62:76:74:8D:09:F7:E9:69:05:B8:1A:37:A1:30:2D:FF:3B:BC:0A][Validity: 2008-04-02 12:00:00 - 2022-04-03 00:00:00][Cipher: TLS_ECDHE_RSA_WITH_AES_128_GCM_SHA256]
	7	TCP [2a00:d40:1:3:7aac:c0ff:fea7:d4c]:53134 <-> [2a02:26f0:ad:197::236]:443 [proto: 91.119/TLS.Facebook][cat: SocialNetwork/6][6 pkts/874 bytes <-> 4 pkts/4141 bytes][bytes ratio: -0.651 (Download)][IAT c2s/s2c min/avg/max/stddev: 0/1 11.8/5.3 43/8 15.9/3.1][Pkt Len c2s/s2c min/avg/max/stddev: 86/86 145.7/1035.2 310/3633 86.4/1503.0][TLSv1.2][Client: s-static.ak.facebook.com][JA3C: d3e627f423a33ea41841c19b8af79293][Server: *.ak.fbcdn.net][JA3S: b898351eb5e266aefd3723d466935494][Organization: Facebook, Inc.][Certificate SHA-1: E7:62:76:74:8D:09:F7:E9:69:05:B8:1A:37:A1:30:2D:FF:3B:BC:0A][Validity: 2008-04-02 12:00:00 - 2022-04-03 00:00:00][Cipher: TLS_ECDHE_RSA_WITH_AES_128_GCM_SHA256]
	8	TCP [2a00:d40:1:3:7aac:c0ff:fea7:d4c]:41776 <-> [2a00:1450:4001:803::1017]:443 [proto: 91/TLS][cat: Web/5][7 pkts/860 bytes <-> 7 pkts/1353 bytes][bytes ratio: -0.223 (Download)][IAT c2s/s2c min/avg/max/stddev: 0/0 10.8/6.0 30/30 13.4/12.0][Pkt Len c2s/s2c min/avg/max/stddev: 86/86 122.9/193.3 268/592 61.5/171.9]
	9	UDP [2a00:d40:1:3:7aac:c0ff:fea7:d4c]:55145 <-> [2a00:1450:400b:c02::5f]:443 [proto: 188/QUIC][cat: Web/5][2 pkts/359 bytes <-> 1 pkts/143 bytes]
	10	TCP [2a00:d40:1:3:7aac:c0ff:fea7:d4c]:33062 <-> [2a00:1450:400b:c02::9a]:443 [proto: 91/TLS][cat: Web/5][1 pkts/86 bytes <-> 1 pkts/86 bytes]
	11	TCP [2a00:d40:1:3:7aac:c0ff:fea7:d4c]:40308 <-> [2a03:2880:1010:3f20:face:b00c::25de]:443 [proto: 91/TLS][cat: Web/5][1 pkts/86 bytes <-> 1 pkts/86 bytes]
	12	TCP [2a00:d40:1:3:7aac:c0ff:fea7:d4c]:40526 <-> [2a00:1450:4006:804::200e]:443 [proto: 91/TLS][cat: Web/5][1 pkts/86 bytes <-> 1 pkts/86 bytes]
	13	TCP [2a00:d40:1:3:7aac:c0ff:fea7:d4c]:58660 <-> [2a00:1450:4006:803::2008]:443 [proto: 91/TLS][cat: Web/5][1 pkts/86 bytes <-> 1 pkts/86 bytes]
	14	TCP [2a00:d40:1:3:7aac:c0ff:fea7:d4c]:59690 <-> [2a00:1450:4001:803::1012]:443 [proto: 91/TLS][cat: Web/5][1 pkts/86 bytes <-> 1 pkts/86 bytes]
	15	TCP [2a00:d40:1:3:7aac:c0ff:fea7:d4c]:60124 <-> [2a02:26f0:ad:1a1::eed]:443 [proto: 91/TLS][cat: Web/5][1 pkts/86 bytes <-> 1 pkts/86 bytes]
