ICMP	1	42	1

	1	ICMP 218.152.179.213:0 -> 218.152.179.54:0 [proto: 81/ICMP][cat: Network/14][1 pkts/42 bytes -> 0 pkts/0 bytes][Goodput ratio: 0/0][< 1 sec][Risk: ** Malformed packet **][Plen Bins: 0,0,0,0,0,0,0,0,0,0,0,0,0,0,0,0,0,0,0,0,0,0,0,0,0,0,0,0,0,0,0,0,0,0,0,0,0,0,0,0,0,0,0,0,0,0,0,0]
