Modbus	102	6681	1

	1	TCP 192.168.110.131:2074 <-> 192.168.110.138:502 [proto: 44/Modbus][cat: Network/14][51 pkts/3366 bytes <-> 51 pkts/3315 bytes][bytes ratio: 0.008 (Mixed)][IAT c2s/s2c min/avg/max/stddev: 0/0 477.1/476.9 1073/1074 500.8/501.3][Pkt Len c2s/s2c min/avg/max/stddev: 66/65 66.0/65.0 66/65 0.0/0.0]
