MSN	364	56503	6

	1	TCP 192.168.1.14:1208 <-> 207.46.108.83:1863 [proto: 68/MSN][cat: Web/5][43 pkts/7166 bytes <-> 48 pkts/9557 bytes][Goodput ratio: 68/73][521.13 sec][bytes ratio: -0.143 (Mixed)][IAT c2s/s2c min/avg/max/stddev: 846/212 7349/5896 44758/28730 8212/5167][Pkt Len c2s/s2c min/avg/max/stddev: 59/65 167/199 525/333 61/41][PLAIN TEXT (ANS 89 jujurius@msn.com 1115371)]
	2	TCP 192.168.1.14:1221 <-> 207.46.108.59:1863 [proto: 68/MSN][cat: Web/5][43 pkts/7062 bytes <-> 40 pkts/7349 bytes][Goodput ratio: 67/71][521.81 sec][bytes ratio: -0.020 (Mixed)][IAT c2s/s2c min/avg/max/stddev: 204/243 6666/6488 86912/66364 14190/11227][Pkt Len c2s/s2c min/avg/max/stddev: 59/78 164/184 347/320 46/54][PLAIN TEXT (USR 178 OK jujurius@msn.com Jul)]
	3	TCP 192.168.1.14:1217 <-> 207.46.108.41:1863 [proto: 68/MSN][cat: Web/5][46 pkts/7655 bytes <-> 19 pkts/3761 bytes][Goodput ratio: 68/73][333.85 sec][bytes ratio: 0.341 (Upload)][IAT c2s/s2c min/avg/max/stddev: 1004/231 6764/4683 59999/15340 8873/3555][Pkt Len c2s/s2c min/avg/max/stddev: 59/66 166/198 551/291 66/53][PLAIN TEXT (IRO 131 1 1 cecile260992@hotmai)]
	4	TCP 192.168.1.14:1037 <-> 207.46.107.149:1863 [proto: 68/MSN][cat: Web/5][41 pkts/2425 bytes <-> 55 pkts/6426 bytes][Goodput ratio: 9/54][1955.26 sec][bytes ratio: -0.452 (Download)][IAT c2s/s2c min/avg/max/stddev: 11047/159 47968/36072 131306/50206 17449/15623][Pkt Len c2s/s2c min/avg/max/stddev: 59/62 59/117 65/406 1/113][PLAIN TEXT (RNG 17069658 207.46.108.83)]
	5	TCP 192.168.1.14:1220 <-> 207.46.108.150:1863 [proto: 68/MSN][cat: Web/5][2 pkts/163 bytes <-> 14 pkts/2737 bytes][Goodput ratio: 34/72][168.98 sec][bytes ratio: -0.888 (Download)][IAT c2s/s2c min/avg/max/stddev: 0/240 0/8648 0/58353 0/15116][Pkt Len c2s/s2c min/avg/max/stddev: 59/66 82/196 104/315 22/61][PLAIN TEXT (IRO 176 1 1 cecile260992@hotmai)]
	6	TCP 192.168.1.14:1176 -> 207.46.108.39:1863 [proto: 68/MSN][cat: Web/5][13 pkts/2202 bytes -> 0 pkts/0 bytes][Goodput ratio: 68/0][110.19 sec][bytes ratio: 1.000 (Upload)][IAT c2s/s2c min/avg/max/stddev: 334/0 9562/0 59851/0 15959/0][Pkt Len c2s/s2c min/avg/max/stddev: 59/0 169/0 427/0 79/0][PLAIN TEXT (MSG 77 U 89)]
