MsSQL-TDS	38	16260	12

	1	TCP 10.111.111.111:6666 -> 10.0.0.1:1433 [proto: 114/MsSQL-TDS][cat: Database/11][7 pkts/8717 bytes -> 0 pkts/0 bytes][Goodput ratio: 96/0][< 1 sec][bytes ratio: 1.000 (Upload)][IAT c2s/s2c min/avg/max/stddev: 0/0 0/0 0/0 0/0][Pkt Len c2s/s2c min/avg/max/stddev: 393/0 1245/0 1514/0 436/0]
	2	TCP 10.111.111.111:5555 <-> 10.0.0.1:1433 [proto: 114/MsSQL-TDS][cat: Database/11][10 pkts/1552 bytes <-> 7 pkts/1521 bytes][Goodput ratio: 64/75][7.22 sec][bytes ratio: 0.010 (Mixed)][IAT c2s/s2c min/avg/max/stddev: 31/28 867/1024 1890/2071 763/864][Pkt Len c2s/s2c min/avg/max/stddev: 60/88 155/217 307/492 90/169][PLAIN TEXT (first                         )]
	3	TCP 10.111.111.111:1111 <-> 10.0.0.1:1433 [proto: 114/MsSQL-TDS][cat: Database/11][2 pkts/614 bytes <-> 2 pkts/524 bytes][Goodput ratio: 78/75][0.14 sec]
	4	TCP 10.111.111.111:4444 -> 10.0.0.1:1433 [proto: 114/MsSQL-TDS][cat: Database/11][1 pkts/1136 bytes -> 0 pkts/0 bytes][Goodput ratio: 95/0][< 1 sec]
	5	TCP 10.111.111.111:7777 -> 10.0.0.1:1433 [proto: 114/MsSQL-TDS][cat: Database/11][1 pkts/425 bytes -> 0 pkts/0 bytes][Goodput ratio: 87/0][< 1 sec]
	6	TCP 10.111.111.111:33333 -> 10.0.0.1:1433 [proto: 114/MsSQL-TDS][cat: Database/11][1 pkts/374 bytes -> 0 pkts/0 bytes][Goodput ratio: 85/0][< 1 sec]
	7	TCP 10.111.111.111:22222 -> 10.0.0.1:1433 [proto: 114/MsSQL-TDS][cat: Database/11][1 pkts/322 bytes -> 0 pkts/0 bytes][Goodput ratio: 83/0][< 1 sec]
	8	TCP 10.111.111.111:9999 -> 10.0.0.1:1433 [proto: 114/MsSQL-TDS][cat: Database/11][1 pkts/272 bytes -> 0 pkts/0 bytes][Goodput ratio: 80/0][< 1 sec][PLAIN TEXT (ABCDEFGHIJKLMNOPQ)]
	9	TCP 10.111.111.111:11111 -> 10.0.0.1:1433 [proto: 114/MsSQL-TDS][cat: Database/11][1 pkts/253 bytes -> 0 pkts/0 bytes][Goodput ratio: 78/0][< 1 sec]
	10	TCP 10.111.111.111:3333 -> 10.0.0.1:1433 [proto: 114/MsSQL-TDS][cat: Database/11][1 pkts/239 bytes -> 0 pkts/0 bytes][Goodput ratio: 77/0][< 1 sec]
	11	TCP 10.111.111.111:2222 <-> 10.0.0.1:1433 [proto: 114/MsSQL-TDS][cat: Database/11][1 pkts/98 bytes <-> 1 pkts/71 bytes][Goodput ratio: 44/24][< 1 sec]
	12	TCP 10.111.111.111:8888 -> 10.0.0.1:1433 [proto: 114/MsSQL-TDS][cat: Database/11][1 pkts/142 bytes -> 0 pkts/0 bytes][Goodput ratio: 62/0][< 1 sec]
