DNS	15	1612	1
NestLogSink	759	116848	13

	1	TCP 192.168.242.15:63342 <-> 35.188.154.186:11095 [proto: 43/NestLogSink][cat: Cloud/13][37 pkts/14650 bytes <-> 35 pkts/4115 bytes][bytes ratio: 0.561 (Upload)][IAT c2s/s2c min/avg/max/stddev: 4/0 142.2/150.2 1347/1490 250.6/289.6][Pkt Len c2s/s2c min/avg/max/stddev: 60/54 395.9/117.6 585/733 191.9/107.5][PLAIN TEXT (05CA02AC4414028)]
	2	TCP 192.168.242.15:63345 <-> 35.188.154.186:11095 [proto: 43/NestLogSink][cat: Cloud/13][36 pkts/14613 bytes <-> 35 pkts/4114 bytes][bytes ratio: 0.561 (Upload)][IAT c2s/s2c min/avg/max/stddev: 11/0 131.6/134.1 1166/1477 228.8/290.3][Pkt Len c2s/s2c min/avg/max/stddev: 60/54 405.9/117.5 584/732 185.3/107.3][PLAIN TEXT (05CA02AC4414028)]
	3	TCP 192.168.242.15:63351 <-> 35.188.154.186:11095 [proto: 43/NestLogSink][cat: Cloud/13][25 pkts/9229 bytes <-> 24 pkts/2916 bytes][bytes ratio: 0.520 (Upload)][IAT c2s/s2c min/avg/max/stddev: 5/0 163.8/174.5 1319/1484 293.5/350.4][Pkt Len c2s/s2c min/avg/max/stddev: 60/54 369.2/121.5 584/733 204.4/129.6][PLAIN TEXT (05CA02AC4414028)]
	4	TCP 192.168.242.15:63348 <-> 35.188.154.186:11095 [proto: 43/NestLogSink][cat: Cloud/13][25 pkts/9114 bytes <-> 24 pkts/2915 bytes][bytes ratio: 0.515 (Upload)][IAT c2s/s2c min/avg/max/stddev: 10/0 157.7/169.4 1167/1475 265.8/349.4][Pkt Len c2s/s2c min/avg/max/stddev: 60/54 364.6/121.5 584/732 204.5/129.4][PLAIN TEXT (05CA02AC4414028)]
	5	TCP 192.168.242.15:63343 <-> 35.174.82.237:11095 [proto: 43/NestLogSink][cat: Cloud/13][60 pkts/5549 bytes <-> 56 pkts/5094 bytes][bytes ratio: 0.043 (Mixed)][IAT c2s/s2c min/avg/max/stddev: 1/16 33934.9/28186.7 60073/60075 29484.2/29644.5][Pkt Len c2s/s2c min/avg/max/stddev: 60/54 92.5/91.0 585/731 96.8/125.8][PLAIN TEXT (05CA02AC4414028)]
	6	TCP 192.168.242.15:63352 <-> 35.174.82.237:11095 [proto: 43/NestLogSink][cat: Cloud/13][50 pkts/4894 bytes <-> 46 pkts/4392 bytes][bytes ratio: 0.054 (Mixed)][IAT c2s/s2c min/avg/max/stddev: 4/17 33170.0/30242.3 60184/60262 29629.6/29816.1][Pkt Len c2s/s2c min/avg/max/stddev: 60/54 97.9/95.5 586/730 105.0/136.5][PLAIN TEXT (05CA02AC4414028)]
	7	TCP 192.168.242.15:63346 <-> 35.174.82.237:11095 [proto: 43/NestLogSink][cat: Cloud/13][41 pkts/4409 bytes <-> 37 pkts/3907 bytes][bytes ratio: 0.060 (Mixed)][IAT c2s/s2c min/avg/max/stddev: 1/15 27923.8/26021.8 60088/60136 29300.8/29455.1][Pkt Len c2s/s2c min/avg/max/stddev: 60/54 107.5/105.6 585/731 114.0/150.6][PLAIN TEXT (05CA02AC4414028)]
	8	TCP 192.168.242.15:63349 <-> 35.174.82.237:11095 [proto: 43/NestLogSink][cat: Cloud/13][28 pkts/3254 bytes <-> 24 pkts/3040 bytes][bytes ratio: 0.034 (Mixed)][IAT c2s/s2c min/avg/max/stddev: 4/14 24649.0/24894.2 60122/60151 29303.3/29368.4][Pkt Len c2s/s2c min/avg/max/stddev: 60/54 116.2/126.7 584/732 117.5/180.8][PLAIN TEXT (05CA02AC4414028)]
	9	TCP 192.168.242.15:63350 <-> 35.174.82.237:11095 [proto: 43/NestLogSink][cat: Cloud/13][18 pkts/2655 bytes <-> 14 pkts/2499 bytes][bytes ratio: 0.030 (Mixed)][IAT c2s/s2c min/avg/max/stddev: 7/15 10959.9/13629.3 60124/60155 21488.4/24847.0][Pkt Len c2s/s2c min/avg/max/stddev: 60/54 147.5/178.5 585/731 137.0/222.5][PLAIN TEXT (05CA02AC4414028)]
	10	TCP 192.168.242.15:63340 <-> 35.174.82.237:11095 [proto: 43/NestLogSink][cat: Cloud/13][42 pkts/2576 bytes <-> 41 pkts/2214 bytes][bytes ratio: 0.076 (Mixed)][IAT c2s/s2c min/avg/max/stddev: 1/143 39827.0/40755.2 60071/60122 27934.1/27879.7][Pkt Len c2s/s2c min/avg/max/stddev: 60/54 61.3/54.0 116/54 8.5/0.0]
	11	TCP 192.168.242.15:63344 <-> 35.188.154.186:11095 [proto: 43/NestLogSink][cat: Cloud/13][11 pkts/2565 bytes <-> 10 pkts/1389 bytes][bytes ratio: 0.297 (Upload)][IAT c2s/s2c min/avg/max/stddev: 61/0 640.5/729.1 2711/3410 865.2/1201.7][Pkt Len c2s/s2c min/avg/max/stddev: 60/54 233.2/138.9 584/732 216.6/199.2][PLAIN TEXT (05CA02AC4414028)]
	12	TCP 192.168.242.15:63347 <-> 35.188.154.186:11095 [proto: 43/NestLogSink][cat: Cloud/13][10 pkts/1983 bytes <-> 10 pkts/1390 bytes][bytes ratio: 0.176 (Mixed)][IAT c2s/s2c min/avg/max/stddev: 63/0 341.6/348.9 1182/1489 362.6/517.3][Pkt Len c2s/s2c min/avg/max/stddev: 60/54 198.3/139.0 586/733 195.5/199.5][PLAIN TEXT (05CA02AC4414028)]
	13	TCP 192.168.242.15:63353 <-> 35.188.154.186:11095 [proto: 43/NestLogSink][cat: Cloud/13][10 pkts/1983 bytes <-> 10 pkts/1389 bytes][bytes ratio: 0.176 (Mixed)][IAT c2s/s2c min/avg/max/stddev: 70/0 321.0/347.6 1162/1502 365.5/527.2][Pkt Len c2s/s2c min/avg/max/stddev: 60/54 198.3/138.9 586/732 195.5/199.2][PLAIN TEXT (05CA02AC4414028)]
	14	UDP 192.168.242.15:52849 <-> 192.168.242.1:53 [proto: 5/DNS][cat: Network/14][8 pkts/713 bytes <-> 7 pkts/899 bytes][Host: weave-logsink.nest.com][bytes ratio: -0.115 (Mixed)][IAT c2s/s2c min/avg/max/stddev: 22/4311 596403.3/515880.4 1795476/1795277 670695.5/701384.1][Pkt Len c2s/s2c min/avg/max/stddev: 82/98 89.1/128.4 101/169 9.2/35.1][PLAIN TEXT (logsink)]
