DNS	1	92	1

	1	UDP 10.1.67.250:41335 -> 10.1.66.20:53 [proto: 5/DNS][cat: Network/14][1 pkts/92 bytes -> 0 pkts/0 bytes][Goodput ratio: 54/0][< 1 sec][Host: ckaaaaaaaaaaaaaaaaaaaaaaaaaaaaaa][::][Risk: ** Suspicious DGA domain name **][PLAIN TEXT ( CKAAAAAAAAAAAAAAAAAAAAAAAAAAAA)][Plen Bins: 0,100,0,0,0,0,0,0,0,0,0,0,0,0,0,0,0,0,0,0,0,0,0,0,0,0,0,0,0,0,0,0,0,0,0,0,0,0,0,0,0,0,0,0,0,0,0,0]
