ICMP	30	2100	2
Nintendo	890	320242	12
Amazon	76	10811	7

JA3 Host Stats: 
		 IP Address                  	 # JA3C     
	1	 192.168.12.114           	 1      


	1	UDP 192.168.12.114:55915 <-> 185.118.169.65:27520 [proto: 173/Nintendo][cat: Game/8][169 pkts/61414 bytes <-> 278 pkts/126260 bytes][bytes ratio: -0.346 (Download)][IAT c2s/s2c min/avg/max/stddev: 0/0 33.7/17.0 311/242 43.9/19.2][Pkt Len c2s/s2c min/avg/max/stddev: 102/102 363.4/454.2 886/886 191.2/117.7][PLAIN TEXT (pluHnq)]
	2	UDP 192.168.12.114:55915 <-> 93.237.131.235:56066 [proto: 173/Nintendo][cat: Game/8][122 pkts/48332 bytes <-> 35 pkts/5026 bytes][bytes ratio: 0.812 (Upload)][IAT c2s/s2c min/avg/max/stddev: 0/0 45.1/77.1 607/506 66.0/116.9][Pkt Len c2s/s2c min/avg/max/stddev: 102/102 396.2/143.6 1254/886 210.0/128.5]
	3	UDP 192.168.12.114:55915 <-> 81.61.158.138:51769 [proto: 173/Nintendo][cat: Game/8][122 pkts/46476 bytes <-> 38 pkts/5268 bytes][bytes ratio: 0.796 (Upload)][IAT c2s/s2c min/avg/max/stddev: 0/0 40.3/75.5 313/318 40.4/84.4][Pkt Len c2s/s2c min/avg/max/stddev: 102/102 381.0/138.6 886/886 192.7/123.7][PLAIN TEXT (FutwCa)]
	4	TCP 54.187.10.185:443 <-> 192.168.12.114:48328 [proto: 91.178/TLS.Amazon][cat: Web/5][34 pkts/4466 bytes <-> 20 pkts/4021 bytes][bytes ratio: 0.052 (Mixed)][IAT c2s/s2c min/avg/max/stddev: 0/4 728.2/1409.1 14019/13944 2635.6/3582.4][Pkt Len c2s/s2c min/avg/max/stddev: 66/66 131.4/201.1 400/983 85.6/219.4]
	5	TCP 192.168.12.114:41517 <-> 54.192.27.217:443 [proto: 91.173/TLS.Nintendo][cat: Game/8][11 pkts/2898 bytes <-> 10 pkts/4865 bytes][bytes ratio: -0.253 (Download)][IAT c2s/s2c min/avg/max/stddev: 0/0 65.1/53.9 287/250 89.4/81.8][Pkt Len c2s/s2c min/avg/max/stddev: 66/66 263.5/486.5 1414/1414 387.3/570.3][TLSv1.2][Client: e0d67c509fb203858ebcb2fe3f88c2aa.baas.nintendo.com][JA3C: 200a99534ce50d35cf40cc3cce4c69b5][Server: *.baas.nintendo.com][JA3S: 699a80bdb17efe157c861f92c5bf5d1d][Organization: Nintendo Co., Ltd.][Certificate SHA-1: 8A:0A:1D:D3:A8:96:7A:55:C5:75:B2:2B:3E:45:15:54:0A:B0:FC:94][Validity: 2015-08-12 00:00:00 - 2018-08-15 12:00:00][Cipher: TLS_ECDHE_RSA_WITH_AES_128_GCM_SHA256]
	6	TCP 192.168.12.114:31329 <-> 54.192.27.8:443 [proto: 91.173/TLS.Nintendo][cat: Game/8][10 pkts/2833 bytes <-> 10 pkts/4866 bytes][bytes ratio: -0.264 (Download)][IAT c2s/s2c min/avg/max/stddev: 0/0 57.4/47.4 243/198 75.9/64.7][Pkt Len c2s/s2c min/avg/max/stddev: 66/66 283.3/486.6 1414/1414 400.9/570.5][TLSv1.2][Client: e0d67c509fb203858ebcb2fe3f88c2aa.baas.nintendo.com][JA3C: 200a99534ce50d35cf40cc3cce4c69b5][Server: *.baas.nintendo.com][JA3S: 699a80bdb17efe157c861f92c5bf5d1d][Organization: Nintendo Co., Ltd.][Certificate SHA-1: 8A:0A:1D:D3:A8:96:7A:55:C5:75:B2:2B:3E:45:15:54:0A:B0:FC:94][Validity: 2015-08-12 00:00:00 - 2018-08-15 12:00:00][Cipher: TLS_ECDHE_RSA_WITH_AES_128_GCM_SHA256]
	7	UDP 192.168.12.114:52119 <-> 91.8.243.35:49432 [proto: 173/Nintendo][cat: Game/8][23 pkts/2682 bytes <-> 16 pkts/3408 bytes][bytes ratio: -0.119 (Mixed)][IAT c2s/s2c min/avg/max/stddev: 0/0 231.7/88.7 514/507 225.4/142.2][Pkt Len c2s/s2c min/avg/max/stddev: 102/102 116.6/213.0 230/854 27.1/243.3]
	8	UDP 192.168.12.114:52119 <-> 109.21.255.11:50251 [proto: 173/Nintendo][cat: Game/8][8 pkts/1024 bytes <-> 8 pkts/1024 bytes][bytes ratio: 0.000 (Mixed)][IAT c2s/s2c min/avg/max/stddev: 39/58 118.7/111.0 274/242 88.6/65.3][Pkt Len c2s/s2c min/avg/max/stddev: 102/102 128.0/128.0 198/198 40.7/40.7]
	9	UDP 192.168.12.114:52119 <-> 134.3.248.25:56955 [proto: 173/Nintendo][cat: Game/8][8 pkts/1040 bytes <-> 7 pkts/922 bytes][bytes ratio: 0.060 (Mixed)][IAT c2s/s2c min/avg/max/stddev: 9/17 107.5/127.0 288/286 108.6/89.8][Pkt Len c2s/s2c min/avg/max/stddev: 102/102 130.0/131.7 198/198 39.8/42.3]
	10	ICMP 151.6.184.100:0 -> 192.168.12.114:0 [proto: 81/ICMP][cat: Network/14][21 pkts/1470 bytes -> 0 pkts/0 bytes][bytes ratio: 1.000 (Upload)][IAT c2s/s2c min/avg/max/stddev: 0/0 40.3/0.0 315/0 92.4/0.0][Pkt Len c2s/s2c min/avg/max/stddev: 70/0 70.0/0.0 70/0 0.0/0.0]
	11	UDP 192.168.12.114:10184 <-> 192.168.12.1:53 [proto: 5.173/DNS.Nintendo][cat: Game/8][4 pkts/368 bytes <-> 4 pkts/400 bytes][Host: g2df33d01-lp1.p.srv.nintendo.net][bytes ratio: -0.042 (Mixed)][IAT c2s/s2c min/avg/max/stddev: 4/4 4.3/4.3 5/5 0.5/0.5][Pkt Len c2s/s2c min/avg/max/stddev: 92/92 92.0/100.0 92/108 0.0/8.0][PLAIN TEXT (nintendo)]
	12	UDP 192.168.12.114:52119 -> 52.10.205.177:34343 [proto: 178/Amazon][cat: Web/5][1 pkts/730 bytes -> 0 pkts/0 bytes]
	13	ICMP 151.6.184.98:0 -> 192.168.12.114:0 [proto: 81/ICMP][cat: Network/14][9 pkts/630 bytes -> 0 pkts/0 bytes][bytes ratio: 1.000 (Upload)][IAT c2s/s2c min/avg/max/stddev: 0/0 74.8/0.0 316/0 129.7/0.0][Pkt Len c2s/s2c min/avg/max/stddev: 70/0 70.0/0.0 70/0 0.0/0.0]
	14	UDP 192.168.12.114:55915 <-> 35.158.74.61:10025 [proto: 178/Amazon][cat: Web/5][5 pkts/290 bytes <-> 5 pkts/290 bytes][bytes ratio: 0.000 (Mixed)][IAT c2s/s2c min/avg/max/stddev: 0/0 1.0/0.8 4/3 1.7/1.3][Pkt Len c2s/s2c min/avg/max/stddev: 58/58 58.0/58.0 58/58 0.0/0.0]
	15	UDP 192.168.12.114:18874 <-> 192.168.12.1:53 [proto: 5.173/DNS.Nintendo][cat: Game/8][1 pkts/110 bytes <-> 1 pkts/281 bytes][Host: e0d67c509fb203858ebcb2fe3f88c2aa.baas.nintendo.com][PLAIN TEXT (fb203858ebc)]
	16	UDP 192.168.12.114:51035 <-> 192.168.12.1:53 [proto: 5.173/DNS.Nintendo][cat: Game/8][1 pkts/110 bytes <-> 1 pkts/281 bytes][Host: e0d67c509fb203858ebcb2fe3f88c2aa.baas.nintendo.com][PLAIN TEXT (fb203858ebc)]
	17	UDP 192.168.12.114:52119 -> 35.158.74.61:33335 [proto: 173/Nintendo][cat: Game/8][3 pkts/354 bytes -> 0 pkts/0 bytes]
	18	UDP 192.168.12.114:55915 -> 35.158.74.61:33335 [proto: 178/Amazon][cat: Web/5][3 pkts/318 bytes -> 0 pkts/0 bytes][PLAIN TEXT (NATTestId)]
	19	UDP 192.168.12.114:55915 -> 52.10.205.177:34343 [proto: 178/Amazon][cat: Web/5][1 pkts/298 bytes -> 0 pkts/0 bytes]
	20	UDP 192.168.12.114:55915 -> 35.158.74.61:33334 [proto: 178/Amazon][cat: Web/5][5 pkts/290 bytes -> 0 pkts/0 bytes]
	21	TCP 192.168.12.114:11534 <-> 54.146.242.74:443 [proto: 91.178/TLS.Amazon][cat: Web/5][1 pkts/54 bytes <-> 1 pkts/54 bytes]
