Ookla	5086	4689745	2

	1	TCP 192.168.1.7:51215 <-> 46.44.253.187:8080 [proto: 191/Ookla][cat: Network/14][2202 pkts/1032520 bytes <-> 2864 pkts/3652905 bytes][bytes ratio: -0.559 (Download)][IAT c2s/s2c min/avg/max/stddev: 0/0 14.8/11.5 2086/2226 59.5/54.4][Pkt Len c2s/s2c min/avg/max/stddev: 66/66 468.9/1275.5 1506/1506 642.3/526.9][PLAIN TEXT ( 6HELLO 2.4 2016)]
	2	TCP 192.168.1.7:51207 <-> 46.44.253.187:80 [proto: 191/Ookla][cat: Network/14][12 pkts/2238 bytes <-> 8 pkts/2082 bytes][bytes ratio: 0.036 (Mixed)][IAT c2s/s2c min/avg/max/stddev: 0/4 527.8/46.8 5005/84 1492.6/27.6][Pkt Len c2s/s2c min/avg/max/stddev: 66/66 186.5/260.2 430/523 168.4/194.4][PLAIN TEXT (GET /crossdomain.xml HTTP/1.1)]
