RDP	2010	622743	1

	1	TCP 172.16.2.185:52494 <-> 192.168.2.142:3389 [proto: 88/RDP][cat: RemoteAccess/12][936 pkts/58890 bytes <-> 1074 pkts/563853 bytes][bytes ratio: -0.811 (Download)][IAT c2s/s2c min/avg/max/stddev: 0/0 6.0/5.0 850/850 40.1/37.8][Pkt Len c2s/s2c min/avg/max/stddev: 44/44 62.9/525.0 622/1317 44.3/511.5][PLAIN TEXT (192.168.2.142)]
