RTP	9	1926	1
SIP	102	47087	2
RTCP	1	146	1

	1	UDP 192.168.1.2:5060 <-> 212.242.33.35:5060 [proto: 100/SIP][cat: VoIP/10][53 pkts/21940 bytes <-> 31 pkts/15635 bytes][bytes ratio: 0.168 (Mixed)][IAT c2s/s2c min/avg/max/stddev: 158/13 25540.8/22025.7 150200/89874 25265.4/23488.8][Pkt Len c2s/s2c min/avg/max/stddev: 47/342 414.0/504.4 1118/711 343.3/85.4][PLAIN TEXT (REGISTER sip)]
	2	UDP 192.168.1.2:5060 <-> 200.68.120.81:5060 [proto: 100/SIP][cat: VoIP/10][15 pkts/7568 bytes <-> 3 pkts/1944 bytes][bytes ratio: 0.591 (Upload)][IAT c2s/s2c min/avg/max/stddev: 507/34556 4745.9/34556.0 32608/34556 8187.6/0.0][Pkt Len c2s/s2c min/avg/max/stddev: 389/637 504.5/648.0 864/656 179.9/8.0][PLAIN TEXT (INVITE sip)]
	3	UDP 192.168.1.2:30000 -> 212.242.33.36:40392 [proto: 87/RTP][cat: Media/1][9 pkts/1926 bytes -> 0 pkts/0 bytes][bytes ratio: 1.000 (Upload)][IAT c2s/s2c min/avg/max/stddev: 1/0 19.8/0.0 69/0 23.1/0.0][Pkt Len c2s/s2c min/avg/max/stddev: 214/0 214.0/0.0 214/0 0.0/0.0][PLAIN TEXT (VRUDKBuYs)]
	4	UDP 192.168.1.2:30001 -> 212.242.33.36:40393 [proto: 165/RTCP][cat: VoIP/10][1 pkts/146 bytes -> 0 pkts/0 bytes][PLAIN TEXT (11894297)]
