SkypeCall	200	39687	1

	1	UDP 192.168.2.20:49282 <-> 104.46.40.49:60642 [proto: 78.38/STUN.SkypeCall][cat: VoIP/10][133 pkts/24845 bytes <-> 67 pkts/14842 bytes][bytes ratio: 0.252 (Upload)][IAT c2s/s2c min/avg/max/stddev: 0/0 10.0/8.2 147/120 22.4/26.7][Pkt Len c2s/s2c min/avg/max/stddev: 74/77 186.8/221.5 957/957 244.4/233.0][PLAIN TEXT (vRKSoR)]
