SMPP	17	1144	1

	1	TCP 10.226.202.118:1770 <-> 10.226.202.53:9000 [proto: 207/SMPP][cat: Download-FileTransfer-FileSharing/7][10 pkts/670 bytes <-> 7 pkts/474 bytes][bytes ratio: 0.171 (Mixed)][IAT c2s/s2c min/avg/max/stddev: 0/0 3848.2/7230.0 28802/28906 9451.2/12514.6][Pkt Len c2s/s2c min/avg/max/stddev: 54/60 67.0/67.7 104/79 17.3/7.3][PLAIN TEXT (password)]
