Google	22	2879	1
Snapchat	34	7320	2

JA3 Host Stats: 
		 IP Address                  	 # JA3C     
	1	 10.8.0.1                 	 2      


	1	TCP 10.8.0.1:56193 <-> 74.125.136.141:443 [proto: 91.199/TLS.Snapchat][cat: SocialNetwork/6][9 pkts/2290 bytes <-> 8 pkts/1653 bytes][bytes ratio: 0.162 (Mixed)][IAT c2s/s2c min/avg/max/stddev: 0/0 102.1/102.3 503/453 171.6/166.1][Pkt Len c2s/s2c min/avg/max/stddev: 54/54 254.4/206.6 590/1123 236.6/349.9][TLSv1.2][Client: feelinsonice-hrd.appspot.com][JA3C: fded31ac9b978e56ce306f8056092f2a][JA3S: 7bee5c1d424b7e5f943b06983bb11422][Cipher: TLS_ECDHE_RSA_WITH_AES_128_GCM_SHA256]
	2	TCP 10.8.0.1:44536 <-> 74.125.136.141:443 [proto: 91.199/TLS.Snapchat][cat: SocialNetwork/6][9 pkts/2345 bytes <-> 8 pkts/1032 bytes][bytes ratio: 0.389 (Upload)][IAT c2s/s2c min/avg/max/stddev: 0/0 80.9/85.8 403/353 142.1/131.4][Pkt Len c2s/s2c min/avg/max/stddev: 54/54 260.6/129.0 590/502 235.8/149.5][TLSv1.2][Client: feelinsonice-hrd.appspot.com][JA3C: fded31ac9b978e56ce306f8056092f2a][JA3S: 7bee5c1d424b7e5f943b06983bb11422][Cipher: TLS_ECDHE_RSA_WITH_AES_128_GCM_SHA256]
	3	TCP 10.8.0.1:33233 <-> 74.125.136.141:443 [proto: 91.126/TLS.Google][cat: Web/5][11 pkts/1910 bytes <-> 11 pkts/969 bytes][bytes ratio: 0.327 (Upload)][IAT c2s/s2c min/avg/max/stddev: 0/0 283.1/283.1 2052/2000 669.5/649.8][Pkt Len c2s/s2c min/avg/max/stddev: 54/54 173.6/88.1 590/292 162.7/75.5][TLSv1.2][JA3C: 36e9ceaa96dd810482573844f78a063f][JA3S: fbe78c619e7ea20046131294ad087f05][Cipher: TLS_ECDHE_RSA_WITH_AES_128_GCM_SHA256]
