SSH	258	35546	1

	1	TCP 172.16.238.1:58395 <-> 172.16.238.168:22 [proto: 92/SSH][cat: RemoteAccess/12][159 pkts/15615 bytes <-> 99 pkts/19931 bytes][bytes ratio: -0.121 (Mixed)][IAT c2s/s2c min/avg/max/stddev: 0/0 1845.8/2933.8 166223/166224 14794.2/19692.2][Pkt Len c2s/s2c min/avg/max/stddev: 66/66 98.2/201.3 970/1346 83.1/283.2][Client: SSH-2.0-OpenSSH_5.3][HASSH-C: 21B457A327CE7A2D4FCE5EF2C42400BD][Server: SSH-2.0-OpenSSH_5.6][HASSH-S: B1C6C0D56317555B85C7005A3DE29325]
