Teredo	24	2574	5

	1	UDP 10.112.16.67:51812 <-> 194.136.28.76:3544 [proto: 214/Teredo][cat: Network/14][10 pkts/930 bytes <-> 4 pkts/374 bytes][bytes ratio: 0.426 (Upload)][IAT c2s/s2c min/avg/max/stddev: 42/10 2184.0/2486.5 8524/4963 2528.1/2476.5][Pkt Len c2s/s2c min/avg/max/stddev: 82/90 93.0/93.5 95/95 3.7/2.1]
	2	UDP 10.112.16.106:52513 <-> 194.136.28.76:3544 [proto: 214/Teredo][cat: Network/14][2 pkts/206 bytes <-> 2 pkts/302 bytes]
	3	UDP 10.112.16.64:56154 <-> 194.136.28.76:3544 [proto: 214/Teredo][cat: Network/14][1 pkts/103 bytes <-> 1 pkts/151 bytes]
	4	UDP 10.112.16.89:60381 <-> 194.136.28.76:3544 [proto: 214/Teredo][cat: Network/14][1 pkts/103 bytes <-> 1 pkts/151 bytes]
	5	UDP 10.112.16.92:63448 <-> 194.136.28.76:3544 [proto: 214/Teredo][cat: Network/14][1 pkts/103 bytes <-> 1 pkts/151 bytes]
