TINC	317	352291	4

	1	UDP 185.83.218.112:55656 <-> 131.114.168.27:55656 [proto: 209/TINC][cat: VPN/2][29 pkts/30038 bytes <-> 105 pkts/139726 bytes][bytes ratio: -0.646 (Download)][IAT c2s/s2c min/avg/max/stddev: 0/0 243.6/335.4 1049/2670 434.1/516.5][Pkt Len c2s/s2c min/avg/max/stddev: 158/118 1035.8/1330.7 1502/1510 544.4/412.4][PLAIN TEXT (E@zUIs1)]
	2	UDP 131.114.168.27:55655 <-> 185.83.218.112:55655 [proto: 209/TINC][cat: VPN/2][101 pkts/136966 bytes <-> 29 pkts/32550 bytes][bytes ratio: 0.616 (Upload)][IAT c2s/s2c min/avg/max/stddev: 0/0 442.0/279.8 10377/1045 1172.0/448.4][Pkt Len c2s/s2c min/avg/max/stddev: 118/158 1356.1/1122.4 1510/1502 400.1/533.9][PLAIN TEXT (Cr64lS)]
	3	TCP 131.114.168.27:49290 <-> 185.83.218.112:55656 [proto: 209/TINC][cat: VPN/2][14 pkts/3812 bytes <-> 13 pkts/3098 bytes][bytes ratio: 0.103 (Mixed)][IAT c2s/s2c min/avg/max/stddev: 0/0 4296.5/18.9 46927/55 13481.0/23.7][Pkt Len c2s/s2c min/avg/max/stddev: 54/60 272.3/238.3 1093/1091 380.0/362.6][PLAIN TEXT (1 94 64 0 0 5861ABF)]
	4	TCP 131.114.168.27:59244 <-> 185.83.218.112:55655 [proto: 209/TINC][cat: VPN/2][15 pkts/3169 bytes <-> 11 pkts/2932 bytes][bytes ratio: 0.039 (Mixed)][IAT c2s/s2c min/avg/max/stddev: 0/0 3938.7/31.0 46978/85 12976.9/27.7][Pkt Len c2s/s2c min/avg/max/stddev: 54/60 211.3/266.5 1093/1091 345.2/387.3][PLAIN TEXT (1 429 672 0 0 2)]
