DNS	6	494	3
HTTP	70	4620	8
MDNS	116	10672	4
NTP	1	90	1
NetBIOS	12	1579	2
DHCP	1	342	1
QQ	26	9402	2
IGMP	24	1280	4
TLS	21	1209	3
ICMPV6	4	328	3
Google	113	24811	15
LLMNR	12	944	6
WeChat	1251	606425	49
GoogleDocs	15	5114	2

JA3 Host Stats: 
		 IP Address                  	 # JA3C     
	1	 192.168.1.103            	 3      


	1	TCP 203.205.151.162:443 <-> 192.168.1.103:54058 [proto: 91.197/TLS.WeChat][cat: Chat/9][88 pkts/15114 bytes <-> 91 pkts/61842 bytes][bytes ratio: -0.607 (Download)][IAT c2s/s2c min/avg/max/stddev: 5/11 6995.1/5836.8 150373/150695 18891.6/18424.2][Pkt Len c2s/s2c min/avg/max/stddev: 66/66 171.8/679.6 264/1254 98.8/593.7]
	2	TCP 192.168.1.103:54101 <-> 203.205.151.162:443 [proto: 91.197/TLS.WeChat][cat: Chat/9][46 pkts/12575 bytes <-> 40 pkts/53424 bytes][bytes ratio: -0.619 (Download)][IAT c2s/s2c min/avg/max/stddev: 0/0 403.2/151.4 10035/951 1616.4/288.2][Pkt Len c2s/s2c min/avg/max/stddev: 66/66 273.4/1335.6 1306/4350 407.2/922.0][TLSv1.2][Client: web.wechat.com][JA3C: e330bca99c8a5256ae126a55c4c725c5][Server: web.wechat.com][JA3S: 699a80bdb17efe157c861f92c5bf5d1d][Organization: Tencent Mobility Limited][Certificate SHA-1: 4F:3B:6A:87:0C:D2:34:09:C9:53:9F:6F:EE:7D:7B:9B:E9:D6:EF:C1][Validity: 2015-09-21 00:00:00 - 2018-09-20 23:59:59][Cipher: TLS_ECDHE_RSA_WITH_AES_128_GCM_SHA256]
	3	TCP 192.168.1.103:54103 <-> 203.205.151.162:443 [proto: 91.197/TLS.WeChat][cat: Chat/9][50 pkts/23958 bytes <-> 46 pkts/39684 bytes][bytes ratio: -0.247 (Download)][IAT c2s/s2c min/avg/max/stddev: 0/0 537.5/311.6 9999/7018 1832.7/1162.4][Pkt Len c2s/s2c min/avg/max/stddev: 66/66 479.2/862.7 1306/4059 492.4/921.8][TLSv1.2][Client: web.wechat.com][JA3C: e330bca99c8a5256ae126a55c4c725c5][Server: web.wechat.com][JA3S: 699a80bdb17efe157c861f92c5bf5d1d][Organization: Tencent Mobility Limited][Certificate SHA-1: 4F:3B:6A:87:0C:D2:34:09:C9:53:9F:6F:EE:7D:7B:9B:E9:D6:EF:C1][Validity: 2015-09-21 00:00:00 - 2018-09-20 23:59:59][Cipher: TLS_ECDHE_RSA_WITH_AES_128_GCM_SHA256]
	4	TCP 192.168.1.103:54113 <-> 203.205.151.162:443 [proto: 91.197/TLS.WeChat][cat: Chat/9][38 pkts/8933 bytes <-> 35 pkts/35112 bytes][bytes ratio: -0.594 (Download)][IAT c2s/s2c min/avg/max/stddev: 0/0 559.3/53.8 8107/380 1791.8/116.1][Pkt Len c2s/s2c min/avg/max/stddev: 66/66 235.1/1003.2 1306/1494 368.4/649.4][TLSv1.2][Client: web.wechat.com][JA3C: e330bca99c8a5256ae126a55c4c725c5][Server: web.wechat.com][JA3S: 699a80bdb17efe157c861f92c5bf5d1d][Organization: Tencent Mobility Limited][Certificate SHA-1: 4F:3B:6A:87:0C:D2:34:09:C9:53:9F:6F:EE:7D:7B:9B:E9:D6:EF:C1][Validity: 2015-09-21 00:00:00 - 2018-09-20 23:59:59][Cipher: TLS_ECDHE_RSA_WITH_AES_128_GCM_SHA256]
	5	TCP 192.168.1.103:54099 <-> 203.205.151.162:443 [proto: 91.197/TLS.WeChat][cat: Chat/9][25 pkts/9013 bytes <-> 29 pkts/27440 bytes][bytes ratio: -0.506 (Download)][IAT c2s/s2c min/avg/max/stddev: 0/0 168.3/172.3 1085/1495 276.4/328.7][Pkt Len c2s/s2c min/avg/max/stddev: 66/66 360.5/946.2 1306/1754 450.4/673.4][TLSv1.2][Client: web.wechat.com][JA3C: e330bca99c8a5256ae126a55c4c725c5][Server: web.wechat.com][JA3S: 699a80bdb17efe157c861f92c5bf5d1d][Organization: Tencent Mobility Limited][Certificate SHA-1: 4F:3B:6A:87:0C:D2:34:09:C9:53:9F:6F:EE:7D:7B:9B:E9:D6:EF:C1][Validity: 2015-09-21 00:00:00 - 2018-09-20 23:59:59][Cipher: TLS_ECDHE_RSA_WITH_AES_128_GCM_SHA256]
	6	TCP 192.168.1.103:54119 <-> 203.205.151.162:443 [proto: 91.197/TLS.WeChat][cat: Chat/9][26 pkts/8129 bytes <-> 24 pkts/22836 bytes][bytes ratio: -0.475 (Download)][IAT c2s/s2c min/avg/max/stddev: 0/0 1291.5/951.0 9696/8423 2839.9/2427.4][Pkt Len c2s/s2c min/avg/max/stddev: 66/66 312.7/951.5 1306/2922 423.4/963.9][TLSv1.2][Client: web.wechat.com][JA3C: e330bca99c8a5256ae126a55c4c725c5][Server: web.wechat.com][JA3S: 699a80bdb17efe157c861f92c5bf5d1d][Organization: Tencent Mobility Limited][Certificate SHA-1: 4F:3B:6A:87:0C:D2:34:09:C9:53:9F:6F:EE:7D:7B:9B:E9:D6:EF:C1][Validity: 2015-09-21 00:00:00 - 2018-09-20 23:59:59][Cipher: TLS_ECDHE_RSA_WITH_AES_128_GCM_SHA256]
	7	TCP 192.168.1.103:58038 <-> 203.205.147.171:443 [proto: 91.197/TLS.WeChat][cat: Chat/9][34 pkts/17556 bytes <-> 25 pkts/12172 bytes][bytes ratio: 0.181 (Mixed)][IAT c2s/s2c min/avg/max/stddev: 0/0 1114.3/1109.9 15327/15635 3311.0/3567.2][Pkt Len c2s/s2c min/avg/max/stddev: 66/66 516.4/486.9 1306/1754 494.4/579.4][TLSv1.2][Client: web.wechat.com][JA3C: e330bca99c8a5256ae126a55c4c725c5][Server: web.wechat.com][JA3S: 699a80bdb17efe157c861f92c5bf5d1d][Organization: Tencent Mobility Limited][Certificate SHA-1: 4F:3B:6A:87:0C:D2:34:09:C9:53:9F:6F:EE:7D:7B:9B:E9:D6:EF:C1][Validity: 2015-09-21 00:00:00 - 2018-09-20 23:59:59][Cipher: TLS_ECDHE_RSA_WITH_AES_128_GCM_SHA256]
	8	TCP 192.168.1.103:54089 <-> 203.205.151.162:443 [proto: 91.197/TLS.WeChat][cat: Chat/9][21 pkts/7826 bytes <-> 20 pkts/18761 bytes][bytes ratio: -0.411 (Download)][IAT c2s/s2c min/avg/max/stddev: 0/0 776.9/120.1 9999/394 2313.0/166.4][Pkt Len c2s/s2c min/avg/max/stddev: 66/66 372.7/938.0 1306/5892 453.9/1304.2][TLSv1.2][Client: web.wechat.com][JA3C: e330bca99c8a5256ae126a55c4c725c5][Server: web.wechat.com][JA3S: 699a80bdb17efe157c861f92c5bf5d1d][Organization: Tencent Mobility Limited][Certificate SHA-1: 4F:3B:6A:87:0C:D2:34:09:C9:53:9F:6F:EE:7D:7B:9B:E9:D6:EF:C1][Validity: 2015-09-21 00:00:00 - 2018-09-20 23:59:59][Cipher: TLS_ECDHE_RSA_WITH_AES_128_GCM_SHA256]
	9	TCP 192.168.1.103:54095 <-> 203.205.151.162:443 [proto: 91.197/TLS.WeChat][cat: Chat/9][21 pkts/7825 bytes <-> 18 pkts/17898 bytes][bytes ratio: -0.392 (Download)][IAT c2s/s2c min/avg/max/stddev: 0/0 1173.5/415.8 10039/3644 2412.0/984.7][Pkt Len c2s/s2c min/avg/max/stddev: 66/66 372.6/994.3 1306/8291 453.8/1870.8][TLSv1.2][Client: web.wechat.com][JA3C: e330bca99c8a5256ae126a55c4c725c5][Server: web.wechat.com][JA3S: 699a80bdb17efe157c861f92c5bf5d1d][Organization: Tencent Mobility Limited][Certificate SHA-1: 4F:3B:6A:87:0C:D2:34:09:C9:53:9F:6F:EE:7D:7B:9B:E9:D6:EF:C1][Validity: 2015-09-21 00:00:00 - 2018-09-20 23:59:59][Cipher: TLS_ECDHE_RSA_WITH_AES_128_GCM_SHA256]
	10	TCP 192.168.1.103:58040 <-> 203.205.147.171:443 [proto: 91.197/TLS.WeChat][cat: Chat/9][29 pkts/17545 bytes <-> 20 pkts/6923 bytes][bytes ratio: 0.434 (Upload)][IAT c2s/s2c min/avg/max/stddev: 0/0 1264.8/1400.8 15319/15624 3541.0/3988.3][Pkt Len c2s/s2c min/avg/max/stddev: 66/66 605.0/346.1 1494/1494 586.5/471.8][TLSv1.2][Client: web.wechat.com][JA3C: e330bca99c8a5256ae126a55c4c725c5][Server: web.wechat.com][JA3S: 699a80bdb17efe157c861f92c5bf5d1d][Organization: Tencent Mobility Limited][Certificate SHA-1: 4F:3B:6A:87:0C:D2:34:09:C9:53:9F:6F:EE:7D:7B:9B:E9:D6:EF:C1][Validity: 2015-09-21 00:00:00 - 2018-09-20 23:59:59][Cipher: TLS_ECDHE_RSA_WITH_AES_128_GCM_SHA256]
	11	TCP 192.168.1.103:54097 <-> 203.205.151.162:443 [proto: 91.197/TLS.WeChat][cat: Chat/9][25 pkts/12063 bytes <-> 19 pkts/7932 bytes][bytes ratio: 0.207 (Upload)][IAT c2s/s2c min/avg/max/stddev: 0/0 1387.8/1930.0 15313/15715 3511.0/4240.0][Pkt Len c2s/s2c min/avg/max/stddev: 66/66 482.5/417.5 1306/1754 480.2/530.0][TLSv1.2][Client: web.wechat.com][JA3C: e330bca99c8a5256ae126a55c4c725c5][Server: web.wechat.com][JA3S: 699a80bdb17efe157c861f92c5bf5d1d][Organization: Tencent Mobility Limited][Certificate SHA-1: 4F:3B:6A:87:0C:D2:34:09:C9:53:9F:6F:EE:7D:7B:9B:E9:D6:EF:C1][Validity: 2015-09-21 00:00:00 - 2018-09-20 23:59:59][Cipher: TLS_ECDHE_RSA_WITH_AES_128_GCM_SHA256]
	12	TCP 192.168.1.103:54094 <-> 203.205.151.162:443 [proto: 91.197/TLS.WeChat][cat: Chat/9][22 pkts/10193 bytes <-> 18 pkts/8262 bytes][bytes ratio: 0.105 (Mixed)][IAT c2s/s2c min/avg/max/stddev: 0/0 1165.0/785.7 10037/4544 2455.0/1496.4][Pkt Len c2s/s2c min/avg/max/stddev: 66/66 463.3/459.0 1306/1754 478.0/578.6][TLSv1.2][Client: web.wechat.com][JA3C: e330bca99c8a5256ae126a55c4c725c5][Server: web.wechat.com][JA3S: 699a80bdb17efe157c861f92c5bf5d1d][Organization: Tencent Mobility Limited][Certificate SHA-1: 4F:3B:6A:87:0C:D2:34:09:C9:53:9F:6F:EE:7D:7B:9B:E9:D6:EF:C1][Validity: 2015-09-21 00:00:00 - 2018-09-20 23:59:59][Cipher: TLS_ECDHE_RSA_WITH_AES_128_GCM_SHA256]
	13	TCP 192.168.1.103:54102 <-> 203.205.151.162:443 [proto: 91.197/TLS.WeChat][cat: Chat/9][13 pkts/2317 bytes <-> 15 pkts/15724 bytes][bytes ratio: -0.743 (Download)][IAT c2s/s2c min/avg/max/stddev: 0/0 1231.5/212.8 9996/1647 2943.7/472.3][Pkt Len c2s/s2c min/avg/max/stddev: 66/66 178.2/1048.3 1153/3182 289.6/878.3][TLSv1.2][Client: web.wechat.com][JA3C: e330bca99c8a5256ae126a55c4c725c5][Server: web.wechat.com][JA3S: 699a80bdb17efe157c861f92c5bf5d1d][Organization: Tencent Mobility Limited][Certificate SHA-1: 4F:3B:6A:87:0C:D2:34:09:C9:53:9F:6F:EE:7D:7B:9B:E9:D6:EF:C1][Validity: 2013-11-05 21:36:50 - 2022-05-20 21:36:50][Cipher: TLS_ECDHE_RSA_WITH_AES_128_GCM_SHA256]
	14	TCP 192.168.1.103:54098 <-> 203.205.151.162:443 [proto: 91.197/TLS.WeChat][cat: Chat/9][22 pkts/8507 bytes <-> 16 pkts/6575 bytes][bytes ratio: 0.128 (Mixed)][IAT c2s/s2c min/avg/max/stddev: 2/0 2592.2/2688.5 15693/16086 4162.8/4915.6][Pkt Len c2s/s2c min/avg/max/stddev: 66/66 386.7/410.9 1306/1754 451.5/550.6][TLSv1.2][Client: web.wechat.com][JA3C: e330bca99c8a5256ae126a55c4c725c5][Server: web.wechat.com][JA3S: 699a80bdb17efe157c861f92c5bf5d1d][Organization: Tencent Mobility Limited][Certificate SHA-1: 4F:3B:6A:87:0C:D2:34:09:C9:53:9F:6F:EE:7D:7B:9B:E9:D6:EF:C1][Validity: 2015-09-21 00:00:00 - 2018-09-20 23:59:59][Cipher: TLS_ECDHE_RSA_WITH_AES_128_GCM_SHA256]
	15	TCP 192.168.1.103:54117 <-> 203.205.151.162:443 [proto: 91.197/TLS.WeChat][cat: Chat/9][20 pkts/8397 bytes <-> 16 pkts/6566 bytes][bytes ratio: 0.122 (Mixed)][IAT c2s/s2c min/avg/max/stddev: 0/0 1502.7/1316.1 9999/7806 2987.1/2505.3][Pkt Len c2s/s2c min/avg/max/stddev: 66/66 419.9/410.4 1306/1494 461.7/506.9][TLSv1.2][Client: web.wechat.com][JA3C: e330bca99c8a5256ae126a55c4c725c5][Server: web.wechat.com][JA3S: 699a80bdb17efe157c861f92c5bf5d1d][Organization: Tencent Mobility Limited][Certificate SHA-1: 4F:3B:6A:87:0C:D2:34:09:C9:53:9F:6F:EE:7D:7B:9B:E9:D6:EF:C1][Validity: 2015-09-21 00:00:00 - 2018-09-20 23:59:59][Cipher: TLS_ECDHE_RSA_WITH_AES_128_GCM_SHA256]
	16	TCP 192.168.1.103:58036 <-> 203.205.147.171:443 [proto: 91.197/TLS.WeChat][cat: Chat/9][15 pkts/6450 bytes <-> 11 pkts/5068 bytes][bytes ratio: 0.120 (Mixed)][IAT c2s/s2c min/avg/max/stddev: 0/0 930.8/134.0 9811/287 2680.9/129.7][Pkt Len c2s/s2c min/avg/max/stddev: 66/66 430.0/460.7 1306/1494 463.0/553.0][TLSv1.2][Client: web.wechat.com][JA3C: e330bca99c8a5256ae126a55c4c725c5][Server: web.wechat.com][JA3S: 699a80bdb17efe157c861f92c5bf5d1d][Organization: Tencent Mobility Limited][Certificate SHA-1: 4F:3B:6A:87:0C:D2:34:09:C9:53:9F:6F:EE:7D:7B:9B:E9:D6:EF:C1][Validity: 2015-09-21 00:00:00 - 2018-09-20 23:59:59][Cipher: TLS_ECDHE_RSA_WITH_AES_128_GCM_SHA256]
	17	TCP 192.168.1.103:54092 <-> 203.205.151.162:443 [proto: 91.197/TLS.WeChat][cat: Chat/9][15 pkts/6438 bytes <-> 11 pkts/5068 bytes][bytes ratio: 0.119 (Mixed)][IAT c2s/s2c min/avg/max/stddev: 0/0 946.7/155.4 9639/333 2625.9/153.6][Pkt Len c2s/s2c min/avg/max/stddev: 66/66 429.2/460.7 1306/1494 462.8/553.0][TLSv1.2][Client: web.wechat.com][JA3C: e330bca99c8a5256ae126a55c4c725c5][Server: web.wechat.com][JA3S: 699a80bdb17efe157c861f92c5bf5d1d][Organization: Tencent Mobility Limited][Certificate SHA-1: 4F:3B:6A:87:0C:D2:34:09:C9:53:9F:6F:EE:7D:7B:9B:E9:D6:EF:C1][Validity: 2015-09-21 00:00:00 - 2018-09-20 23:59:59][Cipher: TLS_ECDHE_RSA_WITH_AES_128_GCM_SHA256]
	18	TCP 192.168.1.103:54100 <-> 203.205.151.162:443 [proto: 91.197/TLS.WeChat][cat: Chat/9][15 pkts/4627 bytes <-> 12 pkts/5905 bytes][bytes ratio: -0.121 (Mixed)][IAT c2s/s2c min/avg/max/stddev: 1/0 1139.8/318.4 10004/1570 2698.0/529.9][Pkt Len c2s/s2c min/avg/max/stddev: 66/66 308.5/492.1 1306/1798 406.0/692.3][TLSv1.2][Client: web.wechat.com][JA3C: e330bca99c8a5256ae126a55c4c725c5][Server: web.wechat.com][JA3S: 699a80bdb17efe157c861f92c5bf5d1d][Organization: Tencent Mobility Limited][Certificate SHA-1: 4F:3B:6A:87:0C:D2:34:09:C9:53:9F:6F:EE:7D:7B:9B:E9:D6:EF:C1][Validity: 2015-09-21 00:00:00 - 2018-09-20 23:59:59][Cipher: TLS_ECDHE_RSA_WITH_AES_128_GCM_SHA256]
	19	TCP 192.168.1.103:54111 <-> 203.205.151.162:443 [proto: 91.197/TLS.WeChat][cat: Chat/9][14 pkts/4626 bytes <-> 12 pkts/5135 bytes][bytes ratio: -0.052 (Mixed)][IAT c2s/s2c min/avg/max/stddev: 0/0 2021.5/1535.6 10879/11228 3975.6/3666.2][Pkt Len c2s/s2c min/avg/max/stddev: 66/66 330.4/427.9 1306/1494 415.8/540.7][TLSv1.2][Client: web.wechat.com][JA3C: e330bca99c8a5256ae126a55c4c725c5][Server: web.wechat.com][JA3S: 699a80bdb17efe157c861f92c5bf5d1d][Organization: Tencent Mobility Limited][Certificate SHA-1: 4F:3B:6A:87:0C:D2:34:09:C9:53:9F:6F:EE:7D:7B:9B:E9:D6:EF:C1][Validity: 2015-09-21 00:00:00 - 2018-09-20 23:59:59][Cipher: TLS_ECDHE_RSA_WITH_AES_128_GCM_SHA256]
	20	TCP 192.168.1.103:58042 <-> 203.205.147.171:443 [proto: 91.197/TLS.WeChat][cat: Chat/9][12 pkts/4516 bytes <-> 10 pkts/5004 bytes][bytes ratio: -0.051 (Mixed)][IAT c2s/s2c min/avg/max/stddev: 0/0 140.3/135.6 356/292 157.1/129.7][Pkt Len c2s/s2c min/avg/max/stddev: 66/66 376.3/500.4 1306/1754 434.4/627.5][TLSv1.2][Client: web.wechat.com][JA3C: e330bca99c8a5256ae126a55c4c725c5][Server: web.wechat.com][JA3S: 699a80bdb17efe157c861f92c5bf5d1d][Organization: Tencent Mobility Limited][Certificate SHA-1: 4F:3B:6A:87:0C:D2:34:09:C9:53:9F:6F:EE:7D:7B:9B:E9:D6:EF:C1][Validity: 2015-09-21 00:00:00 - 2018-09-20 23:59:59][Cipher: TLS_ECDHE_RSA_WITH_AES_128_GCM_SHA256]
	21	TCP 192.168.1.103:43850 <-> 203.205.158.34:443 [proto: 91.48/TLS.QQ][cat: Chat/9][12 pkts/2005 bytes <-> 12 pkts/6787 bytes][bytes ratio: -0.544 (Download)][IAT c2s/s2c min/avg/max/stddev: 0/0 7939.3/7944.1 44960/45306 14472.3/14556.6][Pkt Len c2s/s2c min/avg/max/stddev: 54/54 167.1/565.6 571/3484 197.3/986.9][TLSv1.2][Client: res.wx.qq.com][JA3C: 550dce18de1bb143e69d6dd9413b8355][Server: wx.qq.com][JA3S: 290adf098a54ade688d1df074dbecbf2 (WEAK)][Organization: Shenzhen Tencent Computer Systems Company Limited][Certificate SHA-1: 67:53:57:7F:22:BB:D0:A6:D4:5F:A6:D4:B3:0A:13:73:29:23:D0:C9][Validity: 2016-05-10 00:00:00 - 2018-08-09 23:59:59][Cipher: TLS_RSA_WITH_AES_256_GCM_SHA384]
	22	TCP 192.168.1.103:38657 <-> 172.217.22.14:443 [proto: 91.126/TLS.Google][cat: Web/5][17 pkts/2413 bytes <-> 17 pkts/6268 bytes][bytes ratio: -0.444 (Download)][IAT c2s/s2c min/avg/max/stddev: 0/0 6942.5/6941.6 45055/45055 16248.7/16249.9][Pkt Len c2s/s2c min/avg/max/stddev: 66/66 141.9/368.7 895/1484 195.7/525.4][TLSv1.2][Client: safebrowsing.googleusercontent.com][JA3C: d551fafc4f40f1dec2bb45980bfa9492][Server: *.googleusercontent.com][JA3S: d655f7cd00e93ea8969c3c6e06f0156f][Organization: Google Inc][Certificate SHA-1: 8B:36:AF:31:A2:4C:EE:50:CC:6F:34:F7:2C:A3:C5:B6:4B:02:AC:53][Validity: 2017-04-05 17:14:46 - 2017-06-28 16:57:00][Cipher: TLS_ECDHE_ECDSA_WITH_CHACHA20_POLY1305_SHA256]
	23	UDP 192.168.1.103:51507 <-> 172.217.23.67:443 [proto: 188.126/QUIC.Google][cat: Web/5][7 pkts/3507 bytes <-> 6 pkts/3329 bytes][Host: ssl.gstatic.com][bytes ratio: 0.026 (Mixed)][IAT c2s/s2c min/avg/max/stddev: 3/0 26.8/2.0 76/4 27.2/1.4][Pkt Len c2s/s2c min/avg/max/stddev: 80/72 501.0/554.8 1392/1392 573.8/598.8][PLAIN TEXT (ssl.gstatic.com)]
	24	UDP 192.168.1.103:57591 <-> 216.58.198.46:443 [proto: 188.241/QUIC.GoogleDocs][cat: Collaborative/15][6 pkts/2687 bytes <-> 7 pkts/2125 bytes][Host: docs.google.com][bytes ratio: 0.117 (Mixed)][IAT c2s/s2c min/avg/max/stddev: 0/0 21.2/248.4 55/1178 23.0/465.4][Pkt Len c2s/s2c min/avg/max/stddev: 77/70 447.8/303.6 1392/1392 532.3/455.1][PLAIN TEXT (docs.google.comr)]
	25	TCP 192.168.1.103:54120 <-> 203.205.151.162:443 [proto: 91.197/TLS.WeChat][cat: Chat/9][10 pkts/1032 bytes <-> 8 pkts/3711 bytes][bytes ratio: -0.565 (Download)][IAT c2s/s2c min/avg/max/stddev: 2/0 3427.9/1426.0 19999/5411 6454.5/2303.8][Pkt Len c2s/s2c min/avg/max/stddev: 66/66 103.2/463.9 304/1754 76.6/673.1][TLSv1.2][Client: web.wechat.com][JA3C: e330bca99c8a5256ae126a55c4c725c5][Server: web.wechat.com][JA3S: 699a80bdb17efe157c861f92c5bf5d1d][Organization: Tencent Mobility Limited][Certificate SHA-1: 4F:3B:6A:87:0C:D2:34:09:C9:53:9F:6F:EE:7D:7B:9B:E9:D6:EF:C1][Validity: 2015-09-21 00:00:00 - 2018-09-20 23:59:59][Cipher: TLS_ECDHE_RSA_WITH_AES_128_GCM_SHA256]
	26	TCP 192.168.1.103:58041 <-> 203.205.147.171:443 [proto: 91.197/TLS.WeChat][cat: Chat/9][10 pkts/1032 bytes <-> 8 pkts/3711 bytes][bytes ratio: -0.565 (Download)][IAT c2s/s2c min/avg/max/stddev: 2/0 3812.8/2235.0 20004/5405 6348.0/2330.7][Pkt Len c2s/s2c min/avg/max/stddev: 66/66 103.2/463.9 304/1754 76.6/673.1][TLSv1.2][Client: web.wechat.com][JA3C: e330bca99c8a5256ae126a55c4c725c5][Server: web.wechat.com][JA3S: 699a80bdb17efe157c861f92c5bf5d1d][Organization: Tencent Mobility Limited][Certificate SHA-1: 4F:3B:6A:87:0C:D2:34:09:C9:53:9F:6F:EE:7D:7B:9B:E9:D6:EF:C1][Validity: 2015-09-21 00:00:00 - 2018-09-20 23:59:59][Cipher: TLS_ECDHE_RSA_WITH_AES_128_GCM_SHA256]
	27	TCP 192.168.1.103:54118 <-> 203.205.151.162:443 [proto: 91.197/TLS.WeChat][cat: Chat/9][10 pkts/1032 bytes <-> 8 pkts/3703 bytes][bytes ratio: -0.564 (Download)][IAT c2s/s2c min/avg/max/stddev: 0/0 3076.0/848.4 20000/3092 6447.6/1206.6][Pkt Len c2s/s2c min/avg/max/stddev: 66/66 103.2/462.9 304/1494 76.6/600.9][TLSv1.2][Client: web.wechat.com][JA3C: e330bca99c8a5256ae126a55c4c725c5][Server: web.wechat.com][JA3S: 699a80bdb17efe157c861f92c5bf5d1d][Organization: Tencent Mobility Limited][Certificate SHA-1: 4F:3B:6A:87:0C:D2:34:09:C9:53:9F:6F:EE:7D:7B:9B:E9:D6:EF:C1][Validity: 2015-09-21 00:00:00 - 2018-09-20 23:59:59][Cipher: TLS_ECDHE_RSA_WITH_AES_128_GCM_SHA256]
	28	TCP 192.168.1.103:54090 <-> 203.205.151.162:443 [proto: 91.197/TLS.WeChat][cat: Chat/9][10 pkts/1032 bytes <-> 7 pkts/3637 bytes][bytes ratio: -0.558 (Download)][IAT c2s/s2c min/avg/max/stddev: 0/0 1665.2/361.5 10763/1441 3452.6/623.3][Pkt Len c2s/s2c min/avg/max/stddev: 66/66 103.2/519.6 304/1494 76.6/622.0][TLSv1.2][Client: web.wechat.com][JA3C: e330bca99c8a5256ae126a55c4c725c5][Server: web.wechat.com][JA3S: 699a80bdb17efe157c861f92c5bf5d1d][Organization: Tencent Mobility Limited][Certificate SHA-1: 4F:3B:6A:87:0C:D2:34:09:C9:53:9F:6F:EE:7D:7B:9B:E9:D6:EF:C1][Validity: 2015-09-21 00:00:00 - 2018-09-20 23:59:59][Cipher: TLS_ECDHE_RSA_WITH_AES_128_GCM_SHA256]
	29	TCP 192.168.1.103:54096 <-> 203.205.151.162:443 [proto: 91.197/TLS.WeChat][cat: Chat/9][10 pkts/1032 bytes <-> 7 pkts/3637 bytes][bytes ratio: -0.558 (Download)][IAT c2s/s2c min/avg/max/stddev: 0/0 2567.1/79.5 19243/317 6304.7/137.1][Pkt Len c2s/s2c min/avg/max/stddev: 66/66 103.2/519.6 304/1494 76.6/622.0][TLSv1.2][Client: web.wechat.com][JA3C: e330bca99c8a5256ae126a55c4c725c5][Server: web.wechat.com][JA3S: 699a80bdb17efe157c861f92c5bf5d1d][Organization: Tencent Mobility Limited][Certificate SHA-1: 4F:3B:6A:87:0C:D2:34:09:C9:53:9F:6F:EE:7D:7B:9B:E9:D6:EF:C1][Validity: 2015-09-21 00:00:00 - 2018-09-20 23:59:59][Cipher: TLS_ECDHE_RSA_WITH_AES_128_GCM_SHA256]
	30	TCP 192.168.1.103:54104 <-> 203.205.151.162:443 [proto: 91.197/TLS.WeChat][cat: Chat/9][10 pkts/1032 bytes <-> 7 pkts/3637 bytes][bytes ratio: -0.558 (Download)][IAT c2s/s2c min/avg/max/stddev: 0/0 1495.8/89.5 10477/358 3399.0/155.0][Pkt Len c2s/s2c min/avg/max/stddev: 66/66 103.2/519.6 304/1494 76.6/622.0][TLSv1.2][Client: web.wechat.com][JA3C: e330bca99c8a5256ae126a55c4c725c5][Server: web.wechat.com][JA3S: 699a80bdb17efe157c861f92c5bf5d1d][Organization: Tencent Mobility Limited][Certificate SHA-1: 4F:3B:6A:87:0C:D2:34:09:C9:53:9F:6F:EE:7D:7B:9B:E9:D6:EF:C1][Validity: 2015-09-21 00:00:00 - 2018-09-20 23:59:59][Cipher: TLS_ECDHE_RSA_WITH_AES_128_GCM_SHA256]
	31	TCP 192.168.1.103:54091 <-> 203.205.151.162:443 [proto: 91.197/TLS.WeChat][cat: Chat/9][9 pkts/966 bytes <-> 6 pkts/3571 bytes][bytes ratio: -0.574 (Download)][IAT c2s/s2c min/avg/max/stddev: 0/0 1592.0/136.7 10023/410 3446.3/193.3][Pkt Len c2s/s2c min/avg/max/stddev: 66/66 107.3/595.2 304/1754 79.7/731.6][TLSv1.2][Client: web.wechat.com][JA3C: e330bca99c8a5256ae126a55c4c725c5][Server: web.wechat.com][JA3S: 699a80bdb17efe157c861f92c5bf5d1d][Organization: Tencent Mobility Limited][Certificate SHA-1: 4F:3B:6A:87:0C:D2:34:09:C9:53:9F:6F:EE:7D:7B:9B:E9:D6:EF:C1][Validity: 2015-09-21 00:00:00 - 2018-09-20 23:59:59][Cipher: TLS_ECDHE_RSA_WITH_AES_128_GCM_SHA256]
	32	UDP [fe80::7a92:9cff:fe0f:a88e]:5353 -> [ff02::fb]:5353 [proto: 8/MDNS][cat: Network/14][44 pkts/4488 bytes -> 0 pkts/0 bytes][bytes ratio: 1.000 (Upload)][IAT c2s/s2c min/avg/max/stddev: 0/0 6683.7/0.0 41917/0 11731.9/0.0][Pkt Len c2s/s2c min/avg/max/stddev: 102/0 102.0/0.0 102/0 0.0/0.0][PLAIN TEXT (googlecast)]
	33	UDP 192.168.1.103:35601 <-> 172.217.23.67:443 [proto: 188.126/QUIC.Google][cat: Web/5][5 pkts/2035 bytes <-> 5 pkts/1937 bytes][Host: ssl.gstatic.com][bytes ratio: 0.025 (Mixed)][IAT c2s/s2c min/avg/max/stddev: 0/17 24.0/16.0 53/47 24.3/19.2][Pkt Len c2s/s2c min/avg/max/stddev: 80/72 407.0/387.4 1392/1392 507.8/512.0][PLAIN TEXT (ssl.gstatic.com)]
	34	UDP 192.168.1.103:5353 -> 224.0.0.251:5353 [proto: 8/MDNS][cat: Network/14][44 pkts/3608 bytes -> 0 pkts/0 bytes][bytes ratio: 1.000 (Upload)][IAT c2s/s2c min/avg/max/stddev: 0/0 6683.7/0.0 41917/0 11731.9/0.0][Pkt Len c2s/s2c min/avg/max/stddev: 82/0 82.0/0.0 82/0 0.0/0.0][PLAIN TEXT (googlecast)]
	35	TCP 192.168.1.103:54183 -> 203.205.151.162:443 [proto: 91.197/TLS.WeChat][cat: Chat/9][2 pkts/2508 bytes -> 0 pkts/0 bytes][PLAIN TEXT (G@aRkU)]
	36	UDP [fe80::91f9:3df3:7436:6cd6]:5353 -> [ff02::fb]:5353 [proto: 8/MDNS][cat: Network/14][14 pkts/1428 bytes -> 0 pkts/0 bytes][bytes ratio: 1.000 (Upload)][IAT c2s/s2c min/avg/max/stddev: 1/0 4607.5/0.0 45060/0 12221.5/0.0][Pkt Len c2s/s2c min/avg/max/stddev: 102/0 102.0/0.0 102/0 0.0/0.0][PLAIN TEXT (googlecast)]
	37	TCP 192.168.1.103:36017 <-> 64.233.167.188:5228 [proto: 126/Google][cat: Web/5][10 pkts/660 bytes <-> 10 pkts/660 bytes][bytes ratio: 0.000 (Mixed)][IAT c2s/s2c min/avg/max/stddev: 45051/45051 61958.6/61956.8 180207/180208 44693.7/44694.8][Pkt Len c2s/s2c min/avg/max/stddev: 66/66 66.0/66.0 66/66 0.0/0.0]
	38	UDP 192.168.1.100:5353 -> 224.0.0.251:5353 [proto: 8/MDNS][cat: Network/14][14 pkts/1148 bytes -> 0 pkts/0 bytes][bytes ratio: 1.000 (Upload)][IAT c2s/s2c min/avg/max/stddev: 1/0 4607.6/0.0 45058/0 12220.9/0.0][Pkt Len c2s/s2c min/avg/max/stddev: 82/0 82.0/0.0 82/0 0.0/0.0][PLAIN TEXT (googlecast)]
	39	TCP 192.168.1.103:58039 <-> 203.205.147.171:443 [proto: 91.197/TLS.WeChat][cat: Chat/9][13 pkts/866 bytes <-> 4 pkts/280 bytes][bytes ratio: 0.511 (Upload)][IAT c2s/s2c min/avg/max/stddev: 272/45308 12754.9/45308.0 45020/45308 13611.1/0.0][Pkt Len c2s/s2c min/avg/max/stddev: 66/66 66.6/70.0 74/74 2.1/4.0]
	40	TCP 192.168.1.103:58143 -> 216.58.205.131:443 [proto: 91.126/TLS.Google][cat: Web/5][3 pkts/1078 bytes -> 0 pkts/0 bytes]
	41	TCP 203.205.151.162:443 <-> 192.168.1.103:54084 [proto: 91.197/TLS.WeChat][cat: Chat/9][3 pkts/802 bytes <-> 3 pkts/198 bytes][bytes ratio: 0.604 (Upload)][IAT c2s/s2c min/avg/max/stddev: 6562/9679 8102.0/9679.0 9642/9679 1540.0/0.0][Pkt Len c2s/s2c min/avg/max/stddev: 66/66 267.3/66.0 670/66 284.7/0.0]
	42	UDP 192.168.1.100:137 -> 192.168.1.255:137 [proto: 10/NetBIOS][cat: System/18][9 pkts/828 bytes -> 0 pkts/0 bytes][bytes ratio: 1.000 (Upload)][IAT c2s/s2c min/avg/max/stddev: 1/0 179.1/0.0 816/0 312.7/0.0][Pkt Len c2s/s2c min/avg/max/stddev: 92/0 92.0/0.0 92/0 0.0/0.0][PLAIN TEXT ( EMECEKEBENFHFAFEFIFKCACACACACA)]
	43	IGMP 192.168.1.100:0 -> 224.0.0.22:0 [proto: 82/IGMP][cat: Network/14][15 pkts/810 bytes -> 0 pkts/0 bytes][bytes ratio: 1.000 (Upload)][IAT c2s/s2c min/avg/max/stddev: 409/0 289919.8/0.0 3384346/0 895903.8/0.0][Pkt Len c2s/s2c min/avg/max/stddev: 54/0 54.0/0.0 54/0 0.0/0.0]
	44	UDP 192.168.1.100:138 -> 192.168.1.255:138 [proto: 10/NetBIOS][cat: System/18][3 pkts/751 bytes -> 0 pkts/0 bytes][PLAIN TEXT ( EHEJEPFGEBEOEOEJ)]
	45	TCP 192.168.1.103:54112 <-> 203.205.151.162:443 [proto: 91.197/TLS.WeChat][cat: Chat/9][5 pkts/338 bytes <-> 4 pkts/280 bytes][bytes ratio: 0.094 (Mixed)][IAT c2s/s2c min/avg/max/stddev: 351/910 5596.8/910.0 20327/910 8509.2/0.0][Pkt Len c2s/s2c min/avg/max/stddev: 66/66 67.6/70.0 74/74 3.2/4.0]
	46	TCP 192.168.1.103:54114 <-> 203.205.151.162:443 [proto: 91.197/TLS.WeChat][cat: Chat/9][5 pkts/338 bytes <-> 4 pkts/280 bytes][bytes ratio: 0.094 (Mixed)][IAT c2s/s2c min/avg/max/stddev: 312/33511 13774.2/33511.0 33196/33511 13761.8/0.0][Pkt Len c2s/s2c min/avg/max/stddev: 66/66 67.6/70.0 74/74 3.2/4.0]
	47	UDP 192.168.1.103:19041 <-> 192.168.1.254:53 [proto: 5.48/DNS.QQ][cat: Chat/9][1 pkts/73 bytes <-> 1 pkts/537 bytes][Host: res.wx.qq.com]
	48	TCP 192.168.1.103:34981 -> 95.101.34.33:80 [proto: 7/HTTP][cat: Web/5][9 pkts/594 bytes -> 0 pkts/0 bytes][bytes ratio: 1.000 (Upload)][IAT c2s/s2c min/avg/max/stddev: 259/0 12545.5/0.0 83360/0 26898.2/0.0][Pkt Len c2s/s2c min/avg/max/stddev: 66/0 66.0/0.0 66/0 0.0/0.0]
	49	TCP 192.168.1.103:34996 -> 95.101.34.33:80 [proto: 7/HTTP][cat: Web/5][9 pkts/594 bytes -> 0 pkts/0 bytes][bytes ratio: 1.000 (Upload)][IAT c2s/s2c min/avg/max/stddev: 252/0 12622.4/0.0 82310/0 26533.7/0.0][Pkt Len c2s/s2c min/avg/max/stddev: 66/0 66.0/0.0 66/0 0.0/0.0]
	50	TCP 192.168.1.103:34999 -> 95.101.34.33:80 [proto: 7/HTTP][cat: Web/5][9 pkts/594 bytes -> 0 pkts/0 bytes][bytes ratio: 1.000 (Upload)][IAT c2s/s2c min/avg/max/stddev: 267/0 13105.6/0.0 85920/0 27702.9/0.0][Pkt Len c2s/s2c min/avg/max/stddev: 66/0 66.0/0.0 66/0 0.0/0.0]
	51	TCP 192.168.1.103:35000 -> 95.101.34.33:80 [proto: 7/HTTP][cat: Web/5][9 pkts/594 bytes -> 0 pkts/0 bytes][bytes ratio: 1.000 (Upload)][IAT c2s/s2c min/avg/max/stddev: 251/0 12574.2/0.0 82446/0 26588.9/0.0][Pkt Len c2s/s2c min/avg/max/stddev: 66/0 66.0/0.0 66/0 0.0/0.0]
	52	TCP 192.168.1.103:39207 -> 95.101.34.34:80 [proto: 7/HTTP][cat: Web/5][9 pkts/594 bytes -> 0 pkts/0 bytes][bytes ratio: 1.000 (Upload)][IAT c2s/s2c min/avg/max/stddev: 239/0 13027.5/0.0 84664/0 27319.6/0.0][Pkt Len c2s/s2c min/avg/max/stddev: 66/0 66.0/0.0 66/0 0.0/0.0]
	53	TCP 192.168.1.103:39231 -> 95.101.34.34:80 [proto: 7/HTTP][cat: Web/5][9 pkts/594 bytes -> 0 pkts/0 bytes][bytes ratio: 1.000 (Upload)][IAT c2s/s2c min/avg/max/stddev: 255/0 12398.5/0.0 82310/0 26558.4/0.0][Pkt Len c2s/s2c min/avg/max/stddev: 66/0 66.0/0.0 66/0 0.0/0.0][PLAIN TEXT (PLTbOhOof)]
	54	TCP 192.168.1.103:53220 <-> 172.217.23.78:443 [proto: 91.126/TLS.Google][cat: Web/5][4 pkts/264 bytes <-> 4 pkts/319 bytes][bytes ratio: -0.094 (Mixed)][IAT c2s/s2c min/avg/max/stddev: 0/39 4910.0/7363.5 14730/14688 6943.8/7324.5][Pkt Len c2s/s2c min/avg/max/stddev: 66/66 66.0/79.8 66/121 0.0/23.8][PLAIN TEXT (lMRov.)]
	55	TCP 192.168.1.103:54093 <-> 203.205.151.162:443 [proto: 91.197/TLS.WeChat][cat: Chat/9][5 pkts/338 bytes <-> 3 pkts/214 bytes][bytes ratio: 0.225 (Upload)][IAT c2s/s2c min/avg/max/stddev: 325/0 2959.8/0.0 9935/0 4044.7/0.0][Pkt Len c2s/s2c min/avg/max/stddev: 66/66 67.6/71.3 74/74 3.2/3.8]
	56	TCP 192.168.1.103:58037 <-> 203.205.147.171:443 [proto: 91.197/TLS.WeChat][cat: Chat/9][5 pkts/338 bytes <-> 3 pkts/214 bytes][bytes ratio: 0.225 (Upload)][IAT c2s/s2c min/avg/max/stddev: 267/0 2890.5/0.0 9679/0 3943.5/0.0][Pkt Len c2s/s2c min/avg/max/stddev: 66/66 67.6/71.3 74/74 3.2/3.8]
	57	TCP 192.168.1.103:39195 -> 95.101.34.34:80 [proto: 7/HTTP][cat: Web/5][8 pkts/528 bytes -> 0 pkts/0 bytes][bytes ratio: 1.000 (Upload)][IAT c2s/s2c min/avg/max/stddev: 232/0 12971.6/0.0 83248/0 28714.1/0.0][Pkt Len c2s/s2c min/avg/max/stddev: 66/0 66.0/0.0 66/0 0.0/0.0]
	58	TCP 192.168.1.103:52020 -> 95.101.180.179:80 [proto: 7/HTTP][cat: Web/5][8 pkts/528 bytes -> 0 pkts/0 bytes][bytes ratio: 1.000 (Upload)][IAT c2s/s2c min/avg/max/stddev: 267/0 13502.0/0.0 85920/0 29594.4/0.0][Pkt Len c2s/s2c min/avg/max/stddev: 66/0 66.0/0.0 66/0 0.0/0.0]
	59	TCP 192.168.1.103:43851 <-> 203.205.158.34:443 [proto: 91/TLS][cat: Web/5][5 pkts/290 bytes <-> 4 pkts/234 bytes][bytes ratio: 0.107 (Mixed)][IAT c2s/s2c min/avg/max/stddev: 301/1307 11760.5/23331.0 45054/45355 19226.1/22024.0][Pkt Len c2s/s2c min/avg/max/stddev: 54/54 58.0/58.5 74/66 8.0/5.0]
	60	TCP 192.168.1.103:47627 <-> 216.58.205.78:443 [proto: 91.126/TLS.Google][cat: Web/5][3 pkts/198 bytes <-> 4 pkts/319 bytes][bytes ratio: -0.234 (Download)][IAT c2s/s2c min/avg/max/stddev: 0/40 7363.0/7363.5 14726/14687 7363.0/7323.5][Pkt Len c2s/s2c min/avg/max/stddev: 66/66 66.0/79.8 66/121 0.0/23.8]
	61	TCP 192.168.1.103:40740 <-> 203.205.151.211:443 [proto: 91/TLS][cat: Web/5][4 pkts/216 bytes <-> 4 pkts/253 bytes][bytes ratio: -0.079 (Mixed)][IAT c2s/s2c min/avg/max/stddev: 39/652 6762.7/10145.0 19992/19638 9355.0/9493.0][Pkt Len c2s/s2c min/avg/max/stddev: 54/54 54.0/63.2 54/85 0.0/12.8]
	62	UDP 192.168.1.103:60356 <-> 192.168.1.254:53 [proto: 5.197/DNS.WeChat][cat: Chat/9][1 pkts/74 bytes <-> 1 pkts/391 bytes][Host: web.wechat.com][PLAIN TEXT (wechat)]
	63	TCP 192.168.1.103:49787 <-> 216.58.205.142:443 [proto: 91.126/TLS.Google][cat: Web/5][3 pkts/198 bytes <-> 3 pkts/198 bytes][bytes ratio: 0.000 (Mixed)][IAT c2s/s2c min/avg/max/stddev: 45055/45054 45055.5/45055.0 45056/45056 0.5/1.0][Pkt Len c2s/s2c min/avg/max/stddev: 66/66 66.0/66.0 66/66 0.0/0.0]
	64	TCP 192.168.1.103:58226 -> 203.205.147.171:443 [proto: 91.197/TLS.WeChat][cat: Chat/9][6 pkts/396 bytes -> 0 pkts/0 bytes][bytes ratio: 1.000 (Upload)][IAT c2s/s2c min/avg/max/stddev: 607/0 18483.4/0.0 85584/0 33566.2/0.0][Pkt Len c2s/s2c min/avg/max/stddev: 66/0 66.0/0.0 66/0 0.0/0.0]
	65	UDP 192.168.1.103:53734 <-> 192.168.1.254:53 [proto: 5.126/DNS.Google][cat: Web/5][1 pkts/94 bytes <-> 1 pkts/272 bytes][Host: safebrowsing.googleusercontent.com][PLAIN TEXT (safebrowsing)]
	66	TCP 192.168.1.103:58043 <-> 203.205.147.171:443 [proto: 91.197/TLS.WeChat][cat: Chat/9][3 pkts/206 bytes <-> 2 pkts/148 bytes]
	67	UDP 0.0.0.0:68 -> 255.255.255.255:67 [proto: 18/DHCP][cat: Network/14][1 pkts/342 bytes -> 0 pkts/0 bytes][Host: iphonedimonica][DHCP Fingerprint: 1,121,3,6,15,119,252][PLAIN TEXT (iPhonediMonica)]
	68	UDP 192.168.1.103:46078 <-> 192.168.1.254:53 [proto: 5.126/DNS.Google][cat: Web/5][1 pkts/75 bytes <-> 1 pkts/234 bytes][Host: ssl.gstatic.com][PLAIN TEXT (gstatic)]
	69	UDP 192.168.1.103:60562 <-> 192.168.1.254:53 [proto: 5.126/DNS.Google][cat: Web/5][1 pkts/75 bytes <-> 1 pkts/234 bytes][Host: ssl.gstatic.com][PLAIN TEXT (gstatic)]
	70	UDP 192.168.1.103:55862 <-> 192.168.1.254:53 [proto: 5.241/DNS.GoogleDocs][cat: Collaborative/15][1 pkts/75 bytes <-> 1 pkts/227 bytes][Host: docs.google.com][PLAIN TEXT (google)]
	71	IGMP 192.168.1.103:0 -> 224.0.0.22:0 [proto: 82/IGMP][cat: Network/14][4 pkts/216 bytes -> 0 pkts/0 bytes]
	72	TCP 192.168.1.103:40741 <-> 203.205.151.211:443 [proto: 91/TLS][cat: Web/5][2 pkts/108 bytes <-> 2 pkts/108 bytes]
	73	IGMP 192.168.1.254:0 -> 224.0.0.1:0 [proto: 82/IGMP][cat: Network/14][4 pkts/200 bytes -> 0 pkts/0 bytes]
	74	TCP 192.168.1.103:54085 <-> 203.205.151.162:443 [proto: 91.197/TLS.WeChat][cat: Chat/9][2 pkts/132 bytes <-> 1 pkts/66 bytes]
	75	UDP [fe80::91f9:3df3:7436:6cd6]:50440 -> [ff02::1:3]:5355 [proto: 154/LLMNR][cat: Network/14][2 pkts/180 bytes -> 0 pkts/0 bytes][Host: lbjamwptxz][PLAIN TEXT (lbjamwptx)]
	76	UDP [fe80::91f9:3df3:7436:6cd6]:49195 -> [ff02::1:3]:5355 [proto: 154/LLMNR][cat: Network/14][2 pkts/176 bytes -> 0 pkts/0 bytes][Host: cansaqcq][PLAIN TEXT (cansaqcq)]
	77	UDP [fe80::91f9:3df3:7436:6cd6]:50577 -> [ff02::1:3]:5355 [proto: 154/LLMNR][cat: Network/14][2 pkts/176 bytes -> 0 pkts/0 bytes][Host: mcztmpkc][PLAIN TEXT (mcztmpkc)]
	78	UDP 192.168.1.103:43705 -> 192.168.1.254:53 [proto: 5.197/DNS.WeChat][cat: Chat/9][2 pkts/172 bytes -> 0 pkts/0 bytes][Host: webpush.web.wechat.com.lan][PLAIN TEXT (webpush)]
	79	UDP 192.168.1.103:42856 -> 192.168.1.254:53 [proto: 5/DNS][cat: Network/14][2 pkts/170 bytes -> 0 pkts/0 bytes][Host: 1.debian.pool.ntp.org.lan][PLAIN TEXT (debian)]
	80	UDP 192.168.1.103:45366 -> 192.168.1.254:53 [proto: 5.197/DNS.WeChat][cat: Chat/9][2 pkts/164 bytes -> 0 pkts/0 bytes][Host: webpush.web.wechat.com][PLAIN TEXT (webpush)]
	81	UDP 192.168.1.103:56367 -> 192.168.1.254:53 [proto: 5.197/DNS.WeChat][cat: Chat/9][2 pkts/164 bytes -> 0 pkts/0 bytes][Host: webpush.web.wechat.com][PLAIN TEXT (webpush)]
	82	UDP 192.168.1.103:41759 -> 192.168.1.254:53 [proto: 5/DNS][cat: Network/14][2 pkts/162 bytes -> 0 pkts/0 bytes][Host: 2.debian.pool.ntp.org][PLAIN TEXT (debian)]
	83	UDP 192.168.1.103:44063 -> 192.168.1.254:53 [proto: 5/DNS][cat: Network/14][2 pkts/162 bytes -> 0 pkts/0 bytes][Host: 1.debian.pool.ntp.org][PLAIN TEXT (debian)]
	84	UDP 192.168.1.103:42074 -> 192.168.1.254:53 [proto: 5.126/DNS.Google][cat: Web/5][2 pkts/158 bytes -> 0 pkts/0 bytes][Host: ssl.gstatic.com.lan][PLAIN TEXT (gstatic)]
	85	UDP 192.168.1.100:54124 -> 224.0.0.252:5355 [proto: 154/LLMNR][cat: Network/14][2 pkts/140 bytes -> 0 pkts/0 bytes][Host: lbjamwptxz][PLAIN TEXT (lbjamwptx)]
	86	UDP 192.168.1.100:49832 -> 224.0.0.252:5355 [proto: 154/LLMNR][cat: Network/14][2 pkts/136 bytes -> 0 pkts/0 bytes][Host: cansaqcq][PLAIN TEXT (cansaqcq)]
	87	UDP 192.168.1.100:57401 -> 224.0.0.252:5355 [proto: 154/LLMNR][cat: Network/14][2 pkts/136 bytes -> 0 pkts/0 bytes][Host: mcztmpkc][PLAIN TEXT (mcztmpkc)]
	88	TCP 192.168.1.103:54106 -> 203.205.151.162:443 [proto: 91.197/TLS.WeChat][cat: Chat/9][2 pkts/132 bytes -> 0 pkts/0 bytes]
	89	TCP 192.168.1.103:54109 <-> 203.205.151.162:443 [proto: 91.197/TLS.WeChat][cat: Chat/9][1 pkts/66 bytes <-> 1 pkts/66 bytes]
	90	TCP 192.168.1.103:54110 <-> 203.205.151.162:443 [proto: 91.197/TLS.WeChat][cat: Chat/9][1 pkts/66 bytes <-> 1 pkts/66 bytes]
	91	TCP 192.168.1.103:54205 -> 64.233.167.188:443 [proto: 91.126/TLS.Google][cat: Web/5][2 pkts/132 bytes -> 0 pkts/0 bytes]
	92	ICMPV6 [fe80::842:a3f3:a286:6c5b]:0 -> [ff02::2]:0 [proto: 102/ICMPV6][cat: Network/14][2 pkts/132 bytes -> 0 pkts/0 bytes]
	93	0 [fe80::842:a3f3:a286:6c5b]:0 -> [ff02::16]:0 [proto: 102/ICMPV6][cat: Network/14][1 pkts/110 bytes -> 0 pkts/0 bytes]
	94	UDP 192.168.1.103:37578 -> 193.204.114.233:123 [proto: 9/NTP][cat: System/18][1 pkts/90 bytes -> 0 pkts/0 bytes]
	95	UDP 192.168.1.103:44346 -> 192.168.1.254:53 [proto: 5.197/DNS.WeChat][cat: Chat/9][1 pkts/86 bytes -> 0 pkts/0 bytes][Host: webpush.web.wechat.com.lan][PLAIN TEXT (webpush)]
	96	UDP 192.168.1.103:53515 -> 192.168.1.254:53 [proto: 5.197/DNS.WeChat][cat: Chat/9][1 pkts/86 bytes -> 0 pkts/0 bytes][Host: webpush.web.wechat.com.lan][PLAIN TEXT (webpush)]
	97	ICMPV6 [::]:0 -> [ff02::1:ff86:6c5b]:0 [proto: 102/ICMPV6][cat: Network/14][1 pkts/86 bytes -> 0 pkts/0 bytes]
	98	UDP 192.168.1.103:33915 -> 192.168.1.254:53 [proto: 5.197/DNS.WeChat][cat: Chat/9][1 pkts/82 bytes -> 0 pkts/0 bytes][Host: webpush.web.wechat.com][PLAIN TEXT (webpush)]
	99	UDP 192.168.1.103:43317 -> 192.168.1.254:53 [proto: 5.197/DNS.WeChat][cat: Chat/9][1 pkts/82 bytes -> 0 pkts/0 bytes][Host: webpush.web.wechat.com][PLAIN TEXT (webpush)]
	100	UDP 192.168.1.103:58165 -> 192.168.1.254:53 [proto: 5.197/DNS.WeChat][cat: Chat/9][1 pkts/82 bytes -> 0 pkts/0 bytes][Host: webpush.web.wechat.com][PLAIN TEXT (webpush)]
	101	UDP 192.168.1.103:59567 -> 192.168.1.254:53 [proto: 5.126/DNS.Google][cat: Web/5][1 pkts/79 bytes -> 0 pkts/0 bytes][Host: ssl.gstatic.com.lan][PLAIN TEXT (gstatic)]
	102	UDP 192.168.1.103:42589 -> 192.168.1.254:53 [proto: 5.126/DNS.Google][cat: Web/5][1 pkts/75 bytes -> 0 pkts/0 bytes][Host: ssl.gstatic.com][PLAIN TEXT (gstatic)]
	103	IGMP 192.168.1.108:0 -> 224.0.0.22:0 [proto: 82/IGMP][cat: Network/14][1 pkts/54 bytes -> 0 pkts/0 bytes]
