Unknown	180	24874	1
HTTP	11	726	3
MDNS	8	952	4
DHCP	10	3420	1
WhatsAppCall	803	102942	20
ICMP	10	700	1
TLS	8	589	2
Dropbox	4	2176	1
Apple	212	56189	22
WhatsApp	2	280	1
Spotify	3	258	1

JA3 Host Stats: 
		 IP Address                  	 # JA3C     
	1	 192.168.2.4              	 1      


	1	UDP 192.168.2.4:51518 <-> 91.253.176.65:9344 [proto: 78.45/STUN.WhatsAppCall][cat: VoIP/10][186 pkts/27025 bytes <-> 278 pkts/25895 bytes][Goodput ratio: 71/55][9.73 sec][bytes ratio: 0.021 (Mixed)][IAT c2s/s2c min/avg/max/stddev: 0/0 40/33 198/347 51/47][Pkt Len c2s/s2c min/avg/max/stddev: 68/64 145/93 525/488 100/64][PLAIN TEXT (zTdFPOk)]
	2	UDP 192.168.2.4:52794 <-> 91.253.176.65:9665 [proto: 78.45/STUN.WhatsAppCall][cat: VoIP/10][141 pkts/17530 bytes <-> 57 pkts/12888 bytes][Goodput ratio: 66/81][7.74 sec][bytes ratio: 0.153 (Mixed)][IAT c2s/s2c min/avg/max/stddev: 0/0 48/124 307/539 63/96][Pkt Len c2s/s2c min/avg/max/stddev: 65/68 124/226 484/552 75/128]
	3	TCP 192.168.2.4:49204 <-> 17.173.66.102:443 [proto: 91.140/TLS.Apple][cat: Web/5][29 pkts/11770 bytes <-> 24 pkts/6612 bytes][Goodput ratio: 86/80][34.28 sec][bytes ratio: 0.281 (Upload)][IAT c2s/s2c min/avg/max/stddev: 0/0 122/108 1665/1391 340/319][Pkt Len c2s/s2c min/avg/max/stddev: 54/54 406/276 1494/1002 489/348][TLSv1.2][Client: p53-buy.itunes.apple.com][JA3C: 799135475da362592a4be9199d258726][JA3S: c253ec3ad88e42f8da4032682892f9a0 (INSECURE)][Cipher: TLS_RSA_WITH_RC4_128_MD5]
	4	TCP 192.168.2.4:49201 <-> 17.178.104.12:443 [proto: 91.140/TLS.Apple][cat: Web/5][21 pkts/7644 bytes <-> 17 pkts/9576 bytes][Goodput ratio: 85/90][32.84 sec][bytes ratio: -0.112 (Mixed)][IAT c2s/s2c min/avg/max/stddev: 0/0 1909/37 30435/294 7133/82][Pkt Len c2s/s2c min/avg/max/stddev: 54/54 364/563 1494/1494 553/634][TLSv1.2][Client: query.ess.apple.com][JA3C: 799135475da362592a4be9199d258726][ServerNames: *.ess.apple.com][JA3S: c253ec3ad88e42f8da4032682892f9a0 (INSECURE)][Organization: Apple Inc.][Certificate SHA-1: BD:E0:62:C3:F2:9D:09:5D:52:D4:AA:60:11:1B:36:1B:03:24:F1:9B][Validity: 2015-05-06 01:09:47 - 2016-06-04 01:09:47][Cipher: TLS_RSA_WITH_RC4_128_MD5]
	5	TCP 192.168.2.4:49205 <-> 17.173.66.102:443 [proto: 91.140/TLS.Apple][cat: Web/5][17 pkts/6166 bytes <-> 15 pkts/3539 bytes][Goodput ratio: 85/77][0.94 sec][bytes ratio: 0.271 (Upload)][IAT c2s/s2c min/avg/max/stddev: 0/0 36/42 225/228 76/81][Pkt Len c2s/s2c min/avg/max/stddev: 54/54 363/236 1494/1002 464/321][TLSv1.2][Client: p53-buy.itunes.apple.com][JA3C: 799135475da362592a4be9199d258726][JA3S: c253ec3ad88e42f8da4032682892f9a0 (INSECURE)][Cipher: TLS_RSA_WITH_RC4_128_MD5]
	6	TCP 192.168.2.4:49193 <-> 17.110.229.14:5223 [proto: 238.140/ApplePush.Apple][cat: Cloud/13][11 pkts/4732 bytes <-> 11 pkts/1194 bytes][Goodput ratio: 85/39][125.45 sec][bytes ratio: 0.597 (Upload)][IAT c2s/s2c min/avg/max/stddev: 53/0 12860/12856 101116/101113 33359/33359][Pkt Len c2s/s2c min/avg/max/stddev: 66/66 430/109 1506/300 467/83][PLAIN TEXT (yfV.nY)]
	7	UDP 192.168.2.4:51518 <-> 31.13.93.48:3478 [proto: 78.45/STUN.WhatsAppCall][cat: VoIP/10][12 pkts/2341 bytes <-> 12 pkts/2484 bytes][Goodput ratio: 78/80][29.18 sec][bytes ratio: -0.030 (Mixed)][IAT c2s/s2c min/avg/max/stddev: 0/0 2192/2122 18656/18299 5822/5720][Pkt Len c2s/s2c min/avg/max/stddev: 64/68 195/207 331/358 98/107]
	8	UDP 0.0.0.0:68 -> 255.255.255.255:67 [proto: 18/DHCP][cat: Network/14][10 pkts/3420 bytes -> 0 pkts/0 bytes][Goodput ratio: 88/0][59.94 sec][Host: lucas-imac][bytes ratio: 1.000 (Upload)][IAT c2s/s2c min/avg/max/stddev: 1255/0 6660/0 9061/0 2880/0][Pkt Len c2s/s2c min/avg/max/stddev: 342/0 342/0 342/0 0/0][DHCP Fingerprint: 1,3,6,15,119,95,252,44,46]
	9	UDP 192.168.2.4:52794 <-> 31.13.84.48:3478 [proto: 78.45/STUN.WhatsAppCall][cat: VoIP/10][9 pkts/1842 bytes <-> 11 pkts/1151 bytes][Goodput ratio: 79/60][14.33 sec][bytes ratio: 0.231 (Upload)][IAT c2s/s2c min/avg/max/stddev: 0/1 1923/792 6986/6468 2906/2008][Pkt Len c2s/s2c min/avg/max/stddev: 68/64 205/105 331/128 82/23]
	10	UDP 192.168.2.1:17500 -> 192.168.2.255:17500 [proto: 121/Dropbox][cat: Cloud/13][4 pkts/2176 bytes -> 0 pkts/0 bytes][Goodput ratio: 92/0][90.14 sec][PLAIN TEXT ( 3375359593)]
	11	TCP 192.168.2.4:49199 <-> 17.172.100.70:993 [proto: 51.140/IMAPS.Apple][cat: Web/5][9 pkts/1130 bytes <-> 8 pkts/868 bytes][Goodput ratio: 47/39][0.94 sec][bytes ratio: 0.131 (Mixed)][IAT c2s/s2c min/avg/max/stddev: 9/53 105/100 275/162 108/47][Pkt Len c2s/s2c min/avg/max/stddev: 66/66 126/108 236/151 68/42]
	12	UDP 192.168.2.4:51518 -> 1.194.90.191:60312 [proto: 78.45/STUN.WhatsAppCall][cat: VoIP/10][15 pkts/1290 bytes -> 0 pkts/0 bytes][Goodput ratio: 51/0][8.85 sec][bytes ratio: 1.000 (Upload)][IAT c2s/s2c min/avg/max/stddev: 614/0 632/0 667/0 13/0][Pkt Len c2s/s2c min/avg/max/stddev: 86/0 86/0 86/0 0/0]
	13	UDP 192.168.2.4:52794 -> 1.194.90.191:51727 [proto: 78.45/STUN.WhatsAppCall][cat: VoIP/10][12 pkts/1032 bytes -> 0 pkts/0 bytes][Goodput ratio: 51/0][6.95 sec][bytes ratio: 1.000 (Upload)][IAT c2s/s2c min/avg/max/stddev: 625/0 631/0 644/0 6/0][Pkt Len c2s/s2c min/avg/max/stddev: 86/0 86/0 86/0 0/0]
	14	ICMP 192.168.2.4:0 -> 91.253.176.65:0 [proto: 81/ICMP][cat: Network/14][10 pkts/700 bytes -> 0 pkts/0 bytes][Goodput ratio: 40/0][43.15 sec][bytes ratio: 1.000 (Upload)][IAT c2s/s2c min/avg/max/stddev: 2/0 4795/0 42598/0 13366/0][Pkt Len c2s/s2c min/avg/max/stddev: 70/0 70/0 70/0 0/0]
	15	UDP 192.168.2.4:51518 <-> 31.13.64.48:3478 [proto: 78.45/STUN.WhatsAppCall][cat: VoIP/10][3 pkts/504 bytes <-> 2 pkts/172 bytes][Goodput ratio: 75/51][29.18 sec]
	16	UDP 192.168.2.4:51518 <-> 31.13.70.48:3478 [proto: 78.45/STUN.WhatsAppCall][cat: VoIP/10][3 pkts/504 bytes <-> 2 pkts/172 bytes][Goodput ratio: 75/51][29.18 sec]
	17	UDP 192.168.2.4:51518 <-> 31.13.73.48:3478 [proto: 78.45/STUN.WhatsAppCall][cat: VoIP/10][3 pkts/504 bytes <-> 2 pkts/172 bytes][Goodput ratio: 75/51][29.18 sec]
	18	UDP 192.168.2.4:51518 <-> 31.13.79.192:3478 [proto: 78.45/STUN.WhatsAppCall][cat: VoIP/10][3 pkts/504 bytes <-> 2 pkts/172 bytes][Goodput ratio: 75/51][29.18 sec]
	19	UDP 192.168.2.4:51518 <-> 31.13.85.48:3478 [proto: 78.45/STUN.WhatsAppCall][cat: VoIP/10][3 pkts/504 bytes <-> 2 pkts/172 bytes][Goodput ratio: 75/51][29.18 sec]
	20	UDP 192.168.2.4:51518 <-> 31.13.91.48:3478 [proto: 78.45/STUN.WhatsAppCall][cat: VoIP/10][3 pkts/504 bytes <-> 2 pkts/172 bytes][Goodput ratio: 75/51][29.18 sec]
	21	UDP 192.168.2.4:51518 <-> 31.13.100.14:3478 [proto: 78.45/STUN.WhatsAppCall][cat: VoIP/10][3 pkts/504 bytes <-> 2 pkts/172 bytes][Goodput ratio: 75/51][29.18 sec]
	22	UDP 192.168.2.4:52794 <-> 31.13.73.48:3478 [proto: 78.45/STUN.WhatsAppCall][cat: VoIP/10][3 pkts/504 bytes <-> 2 pkts/172 bytes][Goodput ratio: 75/51][14.33 sec]
	23	UDP 192.168.2.4:52794 <-> 31.13.74.48:3478 [proto: 78.45/STUN.WhatsAppCall][cat: VoIP/10][3 pkts/504 bytes <-> 2 pkts/172 bytes][Goodput ratio: 75/51][14.33 sec]
	24	UDP 192.168.2.4:52794 <-> 31.13.79.192:3478 [proto: 78.45/STUN.WhatsAppCall][cat: VoIP/10][3 pkts/504 bytes <-> 2 pkts/172 bytes][Goodput ratio: 75/51][14.33 sec][PLAIN TEXT (ay.OF@)]
	25	UDP 192.168.2.4:52794 <-> 31.13.90.48:3478 [proto: 78.45/STUN.WhatsAppCall][cat: VoIP/10][3 pkts/504 bytes <-> 2 pkts/172 bytes][Goodput ratio: 75/51][14.33 sec]
	26	UDP 192.168.2.4:52794 <-> 31.13.93.48:3478 [proto: 78.45/STUN.WhatsAppCall][cat: VoIP/10][3 pkts/504 bytes <-> 2 pkts/172 bytes][Goodput ratio: 75/51][14.33 sec]
	27	UDP 192.168.2.4:52794 <-> 173.252.114.1:3478 [proto: 78.45/STUN.WhatsAppCall][cat: VoIP/10][3 pkts/504 bytes <-> 2 pkts/172 bytes][Goodput ratio: 75/51][14.33 sec]
	28	UDP 192.168.2.4:52794 <-> 179.60.192.48:3478 [proto: 78.45/STUN.WhatsAppCall][cat: VoIP/10][3 pkts/504 bytes <-> 2 pkts/172 bytes][Goodput ratio: 75/51][14.33 sec]
	29	TCP 192.168.2.4:49172 <-> 23.50.148.228:443 [proto: 91/TLS][cat: Web/5][3 pkts/174 bytes <-> 2 pkts/217 bytes][Goodput ratio: 0/39][0.03 sec]
	30	TCP 192.168.2.4:49192 <-> 93.186.135.8:80 [proto: 7/HTTP][cat: Web/5][3 pkts/198 bytes <-> 2 pkts/132 bytes][Goodput ratio: 0/0][0.20 sec]
	31	UDP 192.168.2.4:51897 <-> 192.168.2.1:53 [proto: 5.140/DNS.Apple][cat: Web/5][1 pkts/79 bytes <-> 1 pkts/251 bytes][Goodput ratio: 46/83][0.07 sec][Host: query.ess.apple.com][17.178.104.12][PLAIN TEXT (akadns)]
	32	UDP 192.168.2.4:52190 <-> 192.168.2.1:53 [proto: 5.142/DNS.WhatsApp][cat: Chat/9][1 pkts/76 bytes <-> 1 pkts/204 bytes][Goodput ratio: 44/79][0.03 sec][Host: e13.whatsapp.net][158.85.233.52][PLAIN TEXT (whatsapp)]
	33	UDP 192.168.2.1:57621 -> 192.168.2.255:57621 [proto: 156/Spotify][cat: Music/25][3 pkts/258 bytes -> 0 pkts/0 bytes][Goodput ratio: 51/0][77.07 sec][PLAIN TEXT (SpotUdp)]
	34	UDP [fe80::c42c:3ff:fe60:6a64]:5353 -> [ff02::fb]:5353 [proto: 8/MDNS][cat: Network/14][2 pkts/258 bytes -> 0 pkts/0 bytes][Goodput ratio: 52/0][0.24 sec]
	35	UDP [fe80::da30:62ff:fe56:1c]:5353 -> [ff02::fb]:5353 [proto: 8/MDNS][cat: Network/14][2 pkts/258 bytes -> 0 pkts/0 bytes][Goodput ratio: 52/0][0.24 sec]
	36	UDP 169.254.166.207:5353 -> 224.0.0.251:5353 [proto: 8/MDNS][cat: Network/14][2 pkts/218 bytes -> 0 pkts/0 bytes][Goodput ratio: 61/0][0.24 sec]
	37	UDP 192.168.2.1:5353 -> 224.0.0.251:5353 [proto: 8/MDNS][cat: Network/14][2 pkts/218 bytes -> 0 pkts/0 bytes][Goodput ratio: 61/0][0.24 sec]
	38	TCP 192.168.2.4:49173 <-> 93.186.135.82:80 [proto: 7/HTTP][cat: Web/5][2 pkts/132 bytes <-> 1 pkts/66 bytes][Goodput ratio: 0/0][0.03 sec]
	39	TCP 192.168.2.4:49174 <-> 5.178.42.26:80 [proto: 7/HTTP][cat: Web/5][2 pkts/132 bytes <-> 1 pkts/66 bytes][Goodput ratio: 0/0][0.03 sec]
	40	TCP 192.168.2.4:49194 <-> 93.62.150.157:443 [proto: 91/TLS][cat: Web/5][2 pkts/132 bytes <-> 1 pkts/66 bytes][Goodput ratio: 0/0][0.06 sec]
	41	TCP 192.168.2.4:49203 <-> 17.178.104.14:443 [proto: 91.140/TLS.Apple][cat: Web/5][2 pkts/132 bytes <-> 1 pkts/66 bytes][Goodput ratio: 0/0][0.28 sec]
	42	TCP 192.168.2.4:49163 <-> 17.154.66.111:443 [proto: 91.140/TLS.Apple][cat: Web/5][2 pkts/108 bytes <-> 1 pkts/54 bytes][Goodput ratio: 0/0][0.30 sec]
	43	TCP 192.168.2.4:49164 <-> 17.167.142.31:443 [proto: 91.140/TLS.Apple][cat: Web/5][2 pkts/108 bytes <-> 1 pkts/54 bytes][Goodput ratio: 0/0][0.17 sec]
	44	TCP 192.168.2.4:49165 <-> 17.172.100.55:443 [proto: 91.140/TLS.Apple][cat: Web/5][2 pkts/108 bytes <-> 1 pkts/54 bytes][Goodput ratio: 0/0][0.21 sec]
	45	TCP 192.168.2.4:49166 <-> 17.154.66.121:443 [proto: 91.140/TLS.Apple][cat: Web/5][2 pkts/108 bytes <-> 1 pkts/54 bytes][Goodput ratio: 0/0][0.30 sec]
	46	TCP 192.168.2.4:49167 <-> 17.172.100.8:443 [proto: 91.140/TLS.Apple][cat: Web/5][2 pkts/108 bytes <-> 1 pkts/54 bytes][Goodput ratio: 0/0][0.16 sec]
	47	TCP 192.168.2.4:49169 <-> 17.173.66.102:443 [proto: 91.140/TLS.Apple][cat: Web/5][2 pkts/108 bytes <-> 1 pkts/54 bytes][Goodput ratio: 0/0][0.21 sec]
	48	TCP 192.168.2.4:49175 <-> 17.172.100.53:443 [proto: 91.140/TLS.Apple][cat: Web/5][2 pkts/108 bytes <-> 1 pkts/54 bytes][Goodput ratio: 0/0][0.22 sec]
	49	TCP 192.168.2.4:49176 <-> 17.130.137.77:443 [proto: 91.140/TLS.Apple][cat: Web/5][2 pkts/108 bytes <-> 1 pkts/54 bytes][Goodput ratio: 0/0][0.05 sec]
	50	TCP 192.168.2.4:49180 <-> 17.172.100.59:443 [proto: 91.140/TLS.Apple][cat: Web/5][2 pkts/108 bytes <-> 1 pkts/54 bytes][Goodput ratio: 0/0][0.28 sec]
	51	TCP 192.168.2.4:49181 <-> 17.172.100.37:443 [proto: 91.140/TLS.Apple][cat: Web/5][2 pkts/108 bytes <-> 1 pkts/54 bytes][Goodput ratio: 0/0][0.28 sec]
	52	TCP 192.168.2.4:49182 <-> 17.172.100.52:443 [proto: 91.140/TLS.Apple][cat: Web/5][2 pkts/108 bytes <-> 1 pkts/54 bytes][Goodput ratio: 0/0][0.16 sec]
	53	TCP 192.168.2.4:49191 <-> 17.172.100.49:443 [proto: 91.140/TLS.Apple][cat: Web/5][2 pkts/108 bytes <-> 1 pkts/54 bytes][Goodput ratio: 0/0][0.17 sec]
	54	TCP 192.168.2.4:49197 <-> 17.167.142.39:443 [proto: 91.140/TLS.Apple][cat: Web/5][2 pkts/108 bytes <-> 1 pkts/54 bytes][Goodput ratio: 0/0][0.26 sec]
	55	TCP 192.168.2.4:49198 <-> 17.167.142.13:443 [proto: 91.140/TLS.Apple][cat: Web/5][2 pkts/108 bytes <-> 1 pkts/54 bytes][Goodput ratio: 0/0][0.26 sec]
	56	TCP 192.168.2.4:49200 <-> 17.167.142.13:443 [proto: 91.140/TLS.Apple][cat: Web/5][2 pkts/108 bytes <-> 1 pkts/54 bytes][Goodput ratio: 0/0][0.28 sec]


Undetected flows:
	1	TCP 192.168.2.4:49202 <-> 184.173.179.37:5222 [proto: 0/Unknown][100 pkts/14711 bytes <-> 80 pkts/10163 bytes][Goodput ratio: 55/48][134.29 sec][bytes ratio: 0.183 (Mixed)][IAT c2s/s2c min/avg/max/stddev: 0/0 1385/1866 28162/28146 4416/5105][Pkt Len c2s/s2c min/avg/max/stddev: 66/66 147/127 1506/754 238/99][PLAIN TEXT (iPhone)]
