WhatsAppFiles	620	452233	2

JA3 Host Stats: 
		 IP Address                  	 # JA3C     
	1	 192.168.2.29             	 2      


	1	TCP 192.168.2.29:49698 <-> 185.60.216.53:443 [proto: 91.242/TLS.WhatsAppFiles][cat: Download-FileTransfer-FileSharing/7][132 pkts/9906 bytes <-> 178 pkts/237405 bytes][bytes ratio: -0.920 (Download)][IAT c2s/s2c min/avg/max/stddev: 0/0 61.6/47.4 5775/5834 571.5/481.0][Pkt Len c2s/s2c min/avg/max/stddev: 66/66 75.0/1333.7 583/1464 51.0/391.7][TLSv1.2][Client: mmg-fna.whatsapp.net][JA3C: 4e1a414c4f4c99097edd2a9a98e336c8][JA3S: 96681175a9547081bf3d417f1a572091][Cipher: TLS_ECDHE_ECDSA_WITH_AES_128_GCM_SHA256]
	2	TCP 192.168.2.29:49674 <-> 185.60.216.53:443 [proto: 91.242/TLS.WhatsAppFiles][cat: Download-FileTransfer-FileSharing/7][161 pkts/189194 bytes <-> 149 pkts/15728 bytes][bytes ratio: 0.846 (Upload)][IAT c2s/s2c min/avg/max/stddev: 0/0 322.0/659.4 24639/64743 2277.8/6018.6][Pkt Len c2s/s2c min/avg/max/stddev: 66/60 1175.1/105.6 1464/1464 540.1/167.3][TLSv1.2][Client: mmg-fna.whatsapp.net][JA3C: 107144b88827da5da9ed42d8776ccdc5][Server: *.whatsapp.net][JA3S: 2d1eb5817ece335c24904f516ad5da12][Organization: Facebook, Inc.][Certificate SHA-1: 10:54:EB:4A:A2:2A:42:2F:A6:1C:E7:9C:F4:84:10:7E:30:2E:56:BB][Validity: 2017-04-26 00:00:00 - 2018-05-01 12:00:00][Cipher: TLS_ECDHE_ECDSA_WITH_AES_128_GCM_SHA256]
