YouTubeUpload	137	127038	3

JA3 Host Stats: 
		 IP Address                  	 # JA3C     
	1	 192.168.2.27             	 1      


	1	UDP 192.168.2.27:51925 <-> 172.217.23.111:443 [proto: 188.136/QUIC.YouTubeUpload][cat: Media/1][80 pkts/100473 bytes <-> 20 pkts/6003 bytes][Host: upload.youtube.com][bytes ratio: 0.887 (Upload)][IAT c2s/s2c min/avg/max/stddev: 0/0 33.0/249.2 1825/1883 216.5/551.3][Pkt Len c2s/s2c min/avg/max/stddev: 77/58 1255.9/300.1 1392/1392 385.3/473.5][PLAIN TEXT (upload.youtube.comQ)]
	2	UDP 192.168.2.27:62232 <-> 172.217.23.111:443 [proto: 188.136/QUIC.YouTubeUpload][cat: Media/1][13 pkts/8651 bytes <-> 11 pkts/6463 bytes][Host: upload.youtube.com][bytes ratio: 0.145 (Mixed)][IAT c2s/s2c min/avg/max/stddev: 0/0 1666.9/2090.5 14942/15097 4450.3/4940.9][Pkt Len c2s/s2c min/avg/max/stddev: 65/60 665.5/587.5 1392/1392 633.6/618.0][PLAIN TEXT (upload.youtube.comQ)]
	3	TCP 192.168.2.27:57452 <-> 172.217.23.111:443 [proto: 91.136/TLS.YouTubeUpload][cat: Media/1][6 pkts/649 bytes <-> 7 pkts/4799 bytes][bytes ratio: -0.762 (Download)][IAT c2s/s2c min/avg/max/stddev: 0/0 21.5/11.8 57/39 23.4/15.2][Pkt Len c2s/s2c min/avg/max/stddev: 60/54 108.2/685.6 256/1484 73.1/634.0][TLSv1.2][Client: upload.youtube.com][JA3C: bc6c386f480ee97b9d9e52d472b772d8][Server: upload.video.google.com][JA3S: b26c652e0a402a24b5ca2a660e84f9d5][Organization: Google Inc][Certificate SHA-1: EE:3E:32:FB:B1:2E:82:EE:DF:FF:C0:1B:27:CD:BF:D8:8A:CB:BD:63][Validity: 2017-11-01 13:50:15 - 2018-01-24 13:31:00][Cipher: TLS_ECDHE_RSA_WITH_AES_128_GCM_SHA256]
