YouTube	258	178495	1
Google	31	13144	2

	1	UDP 192.168.1.7:56074 <-> 216.58.198.33:443 [proto: 188.124/QUIC.YouTube][cat: Media/1][113 pkts/16111 bytes <-> 145 pkts/162384 bytes][Host: yt3.ggpht.com][bytes ratio: -0.819 (Download)][IAT c2s/s2c min/avg/max/stddev: 0/0 8.6/5.2 70/69 14.6/11.6][Pkt Len c2s/s2c min/avg/max/stddev: 77/73 142.6/1119.9 1392/1392 176.1/437.4][PLAIN TEXT (yt3.ggpht.com)]
	2	UDP 192.168.1.7:53859 <-> 216.58.205.66:443 [proto: 188.126/QUIC.Google][cat: Web/5][9 pkts/3929 bytes <-> 9 pkts/4736 bytes][Host: googleads.g.doubleclick.net][bytes ratio: -0.093 (Mixed)][IAT c2s/s2c min/avg/max/stddev: 0/5 36.1/37.3 114/158 47.9/51.9][Pkt Len c2s/s2c min/avg/max/stddev: 80/69 436.6/526.2 1392/1392 523.6/546.1][PLAIN TEXT (googleads.g.doubleclick.net)]
	3	UDP 192.168.1.7:54997 <-> 216.58.205.66:443 [proto: 188.126/QUIC.Google][cat: Web/5][7 pkts/2312 bytes <-> 6 pkts/2167 bytes][Host: pagead2.googlesyndication.com][bytes ratio: 0.032 (Mixed)][IAT c2s/s2c min/avg/max/stddev: 0/8 40.2/17.2 89/44 35.1/16.6][Pkt Len c2s/s2c min/avg/max/stddev: 80/72 330.3/361.2 1392/1392 449.0/478.5][PLAIN TEXT (pagead2.googlesyndication.com)]
